OpenJDK 64-Bit Server VM (25.362-b09) for linux-amd64 JRE (1.8.0_362-8u372-ga~us1-0ubuntu1~18.04-b09), built on May  6 2023 07:49:22 by "buildd" with gcc 7.5.0
Memory: 4k page, physical 10204452k(8560972k free), swap 1459804k(1459804k free)
CommandLine flags: -XX:GCLogFileSize=5242880 -XX:+HeapDumpOnOutOfMemoryError -XX:HeapDumpPath=/var/log/eltex-portal-constructor -XX:InitialHeapSize=16777216 -XX:MaxHeapSize=268435456 -XX:NumberOfGCLogFiles=7 -XX:+PrintGC -XX:+PrintGCDateStamps -XX:+PrintGCDetails -XX:+PrintGCTimeStamps -XX:+PrintTenuringDistribution -XX:+UseCompressedClassPointers -XX:+UseCompressedOops -XX:+UseG1GC -XX:+UseGCLogFileRotation -XX:+UseStringDeduplication 
2023-12-21T17:08:39.664+0300: 1.588: [GC pause (G1 Evacuation Pause) (young)
Desired survivor size 1048576 bytes, new threshold 15 (max 15)
, 0.0298790 secs]
   [Parallel Time: 11.7 ms, GC Workers: 6]
      [GC Worker Start (ms): Min: 1587.7, Avg: 1592.5, Max: 1595.2, Diff: 7.5]
      [Ext Root Scanning (ms): Min: 0.0, Avg: 0.1, Max: 0.5, Diff: 0.5, Sum: 0.6]
      [Update RS (ms): Min: 0.0, Avg: 0.0, Max: 0.0, Diff: 0.0, Sum: 0.0]
         [Processed Buffers: Min: 0, Avg: 0.0, Max: 0, Diff: 0, Sum: 0]
      [Scan RS (ms): Min: 0.0, Avg: 0.0, Max: 0.0, Diff: 0.0, Sum: 0.0]
      [Code Root Scanning (ms): Min: 0.0, Avg: 0.0, Max: 0.1, Diff: 0.1, Sum: 0.1]
      [Object Copy (ms): Min: 0.0, Avg: 0.4, Max: 2.5, Diff: 2.5, Sum: 2.5]
      [Termination (ms): Min: 0.0, Avg: 2.8, Max: 8.1, Diff: 8.1, Sum: 16.7]
         [Termination Attempts: Min: 1, Avg: 1.0, Max: 1, Diff: 0, Sum: 6]
      [GC Worker Other (ms): Min: 0.0, Avg: 0.0, Max: 0.0, Diff: 0.0, Sum: 0.1]
      [GC Worker Total (ms): Min: 0.0, Avg: 3.3, Max: 11.3, Diff: 11.3, Sum: 20.0]
      [GC Worker End (ms): Min: 1595.2, Avg: 1595.8, Max: 1599.0, Diff: 3.8]
   [Code Root Fixup: 0.0 ms]
   [Code Root Purge: 0.0 ms]
   [String Dedup Fixup: 4.6 ms, GC Workers: 6]
      [Queue Fixup (ms): Min: 0.0, Avg: 0.0, Max: 0.0, Diff: 0.0, Sum: 0.0]
      [Table Fixup (ms): Min: 0.0, Avg: 0.0, Max: 0.0, Diff: 0.0, Sum: 0.0]
   [Clear CT: 1.5 ms]
   [Other: 12.1 ms]
      [Choose CSet: 0.0 ms]
      [Ref Proc: 10.8 ms]
      [Ref Enq: 0.0 ms]
      [Redirty Cards: 1.2 ms]
      [Humongous Register: 0.0 ms]
      [Humongous Reclaim: 0.0 ms]
      [Free CSet: 0.0 ms]
   [Eden: 9216.0K(9216.0K)->0.0B(7168.0K) Survivors: 0.0B->2048.0K Heap: 9975.2K(16384.0K)->1685.8K(16384.0K)]
 [Times: user=0.00 sys=0.00, real=0.03 secs] 
2023-12-21T17:08:40.134+0300: 2.057: [GC pause (G1 Evacuation Pause) (young)
Desired survivor size 1048576 bytes, new threshold 1 (max 15)
- age   1:    1484424 bytes,    1484424 total
, 0.0400135 secs]
   [Parallel Time: 32.5 ms, GC Workers: 6]
      [GC Worker Start (ms): Min: 2057.5, Avg: 2060.4, Max: 2062.8, Diff: 5.3]
      [Ext Root Scanning (ms): Min: 0.0, Avg: 1.1, Max: 6.3, Diff: 6.3, Sum: 6.4]
      [Update RS (ms): Min: 0.0, Avg: 0.0, Max: 0.0, Diff: 0.0, Sum: 0.0]
         [Processed Buffers: Min: 0, Avg: 0.0, Max: 0, Diff: 0, Sum: 0]
      [Scan RS (ms): Min: 0.0, Avg: 0.0, Max: 0.0, Diff: 0.0, Sum: 0.0]
      [Code Root Scanning (ms): Min: 0.0, Avg: 0.0, Max: 0.2, Diff: 0.2, Sum: 0.2]
      [Object Copy (ms): Min: 0.0, Avg: 2.9, Max: 15.9, Diff: 15.9, Sum: 17.5]
      [Termination (ms): Min: 0.0, Avg: 12.3, Max: 25.9, Diff: 25.9, Sum: 74.1]
         [Termination Attempts: Min: 1, Avg: 1.7, Max: 3, Diff: 2, Sum: 10]
      [GC Worker Other (ms): Min: 0.0, Avg: 0.0, Max: 0.0, Diff: 0.0, Sum: 0.0]
      [GC Worker Total (ms): Min: 11.6, Avg: 16.4, Max: 26.3, Diff: 14.7, Sum: 98.2]
      [GC Worker End (ms): Min: 2074.3, Avg: 2076.8, Max: 2089.1, Diff: 14.8]
   [Code Root Fixup: 0.0 ms]
   [Code Root Purge: 0.0 ms]
   [String Dedup Fixup: 3.3 ms, GC Workers: 6]
      [Queue Fixup (ms): Min: 0.0, Avg: 0.0, Max: 0.0, Diff: 0.0, Sum: 0.0]
      [Table Fixup (ms): Min: 0.0, Avg: 0.0, Max: 0.0, Diff: 0.0, Sum: 0.0]
   [Clear CT: 0.6 ms]
   [Other: 3.6 ms]
      [Choose CSet: 0.0 ms]
      [Ref Proc: 3.0 ms]
      [Ref Enq: 0.0 ms]
      [Redirty Cards: 0.5 ms]
      [Humongous Register: 0.0 ms]
      [Humongous Reclaim: 0.0 ms]
      [Free CSet: 0.0 ms]
   [Eden: 7168.0K(7168.0K)->0.0B(7168.0K) Survivors: 2048.0K->2048.0K Heap: 9445.8K(16384.0K)->2969.2K(16384.0K)]
 [Times: user=0.01 sys=0.00, real=0.00 secs] 
2023-12-21T17:08:40.174+0300: 2.097: [GC concurrent-string-deduplication, 154.2K->110.4K(44840.0B), avg 28.4%, 0.0003530 secs]
2023-12-21T17:08:40.667+0300: 2.590: [GC pause (G1 Evacuation Pause) (young)
Desired survivor size 1048576 bytes, new threshold 15 (max 15)
- age   1:     683840 bytes,     683840 total
, 0.1294246 secs]
   [Parallel Time: 74.4 ms, GC Workers: 6]
      [GC Worker Start (ms): Min: 2599.4, Avg: 2611.9, Max: 2643.2, Diff: 43.8]
      [Ext Root Scanning (ms): Min: 0.0, Avg: 4.4, Max: 26.2, Diff: 26.2, Sum: 26.4]
      [Update RS (ms): Min: 0.0, Avg: 0.1, Max: 0.4, Diff: 0.4, Sum: 0.4]
         [Processed Buffers: Min: 0, Avg: 1.5, Max: 9, Diff: 9, Sum: 9]
      [Scan RS (ms): Min: 0.0, Avg: 0.0, Max: 0.0, Diff: 0.0, Sum: 0.0]
      [Code Root Scanning (ms): Min: 0.0, Avg: 0.0, Max: 0.1, Diff: 0.1, Sum: 0.1]
      [Object Copy (ms): Min: 0.0, Avg: 0.1, Max: 0.8, Diff: 0.8, Sum: 0.8]
      [Termination (ms): Min: 0.0, Avg: 27.1, Max: 41.9, Diff: 41.9, Sum: 162.4]
         [Termination Attempts: Min: 1, Avg: 1.0, Max: 1, Diff: 0, Sum: 6]
      [GC Worker Other (ms): Min: 0.0, Avg: 0.0, Max: 0.0, Diff: 0.0, Sum: 0.0]
      [GC Worker Total (ms): Min: 0.0, Avg: 31.7, Max: 43.9, Diff: 43.8, Sum: 190.1]
      [GC Worker End (ms): Min: 2643.2, Avg: 2643.6, Max: 2645.5, Diff: 2.2]
   [Code Root Fixup: 0.0 ms]
   [Code Root Purge: 0.0 ms]
   [String Dedup Fixup: 4.4 ms, GC Workers: 6]
      [Queue Fixup (ms): Min: 0.0, Avg: 0.0, Max: 0.0, Diff: 0.0, Sum: 0.0]
      [Table Fixup (ms): Min: 0.0, Avg: 0.0, Max: 0.1, Diff: 0.1, Sum: 0.1]
   [Clear CT: 1.6 ms]
   [Other: 49.0 ms]
      [Choose CSet: 0.0 ms]
      [Ref Proc: 40.8 ms]
      [Ref Enq: 0.0 ms]
      [Redirty Cards: 0.5 ms]
      [Humongous Register: 0.0 ms]
      [Humongous Reclaim: 0.0 ms]
      [Free CSet: 0.0 ms]
   [Eden: 7168.0K(7168.0K)->0.0B(7168.0K) Survivors: 2048.0K->2048.0K Heap: 10137.2K(16384.0K)->3000.6K(16384.0K)]
 [Times: user=0.02 sys=0.01, real=0.13 secs] 
2023-12-21T17:08:40.913+0300: 2.836: [GC pause (G1 Evacuation Pause) (young)
Desired survivor size 1048576 bytes, new threshold 15 (max 15)
- age   1:     323824 bytes,     323824 total
- age   2:     682400 bytes,    1006224 total
, 0.1251243 secs]
   [Parallel Time: 64.7 ms, GC Workers: 6]
      [GC Worker Start (ms): Min: 2846.7, Avg: 2857.1, Max: 2864.1, Diff: 17.4]
      [Ext Root Scanning (ms): Min: 0.0, Avg: 0.1, Max: 0.4, Diff: 0.4, Sum: 0.4]
      [Update RS (ms): Min: 0.0, Avg: 0.0, Max: 0.2, Diff: 0.2, Sum: 0.2]
         [Processed Buffers: Min: 0, Avg: 0.8, Max: 5, Diff: 5, Sum: 5]
      [Scan RS (ms): Min: 0.0, Avg: 0.0, Max: 0.0, Diff: 0.0, Sum: 0.0]
      [Code Root Scanning (ms): Min: 0.0, Avg: 0.0, Max: 0.1, Diff: 0.1, Sum: 0.1]
      [Object Copy (ms): Min: 0.0, Avg: 4.7, Max: 28.0, Diff: 28.0, Sum: 28.4]
      [Termination (ms): Min: 0.0, Avg: 17.5, Max: 34.9, Diff: 34.9, Sum: 105.0]
         [Termination Attempts: Min: 1, Avg: 1.3, Max: 3, Diff: 2, Sum: 8]
      [GC Worker Other (ms): Min: 0.0, Avg: 0.0, Max: 0.0, Diff: 0.0, Sum: 0.0]
      [GC Worker Total (ms): Min: 13.1, Avg: 22.4, Max: 34.9, Diff: 21.8, Sum: 134.2]
      [GC Worker End (ms): Min: 2875.4, Avg: 2879.5, Max: 2899.1, Diff: 23.7]
   [Code Root Fixup: 0.0 ms]
   [Code Root Purge: 0.0 ms]
   [String Dedup Fixup: 7.2 ms, GC Workers: 6]
      [Queue Fixup (ms): Min: 0.0, Avg: 0.0, Max: 0.0, Diff: 0.0, Sum: 0.0]
      [Table Fixup (ms): Min: 0.0, Avg: 0.0, Max: 0.1, Diff: 0.1, Sum: 0.1]
   [Clear CT: 17.1 ms]
   [Other: 36.1 ms]
      [Choose CSet: 0.0 ms]
      [Ref Proc: 26.5 ms]
      [Ref Enq: 0.0 ms]
      [Redirty Cards: 9.6 ms]
      [Humongous Register: 0.0 ms]
      [Humongous Reclaim: 0.0 ms]
      [Free CSet: 0.0 ms]
   [Eden: 7168.0K(7168.0K)->0.0B(7168.0K) Survivors: 2048.0K->2048.0K Heap: 10168.6K(16384.0K)->3207.4K(16384.0K)]
 [Times: user=0.01 sys=0.00, real=0.15 secs] 
2023-12-21T17:08:41.038+0300: 2.962: [GC concurrent-string-deduplication, 49560.0B->49560.0B(0.0B), avg 21.6%, 0.0001955 secs]
2023-12-21T17:08:41.226+0300: 3.149: [GC pause (G1 Evacuation Pause) (young)
Desired survivor size 1048576 bytes, new threshold 3 (max 15)
- age   1:     100184 bytes,     100184 total
- age   2:     288968 bytes,     389152 total
- age   3:     682400 bytes,    1071552 total
, 0.1327564 secs]
   [Parallel Time: 65.9 ms, GC Workers: 6]
      [GC Worker Start (ms): Min: 3186.9, Avg: 3206.5, Max: 3211.0, Diff: 24.1]
      [Ext Root Scanning (ms): Min: 0.0, Avg: 0.1, Max: 0.4, Diff: 0.4, Sum: 0.4]
      [Update RS (ms): Min: 0.0, Avg: 0.0, Max: 0.1, Diff: 0.1, Sum: 0.1]
         [Processed Buffers: Min: 0, Avg: 0.8, Max: 5, Diff: 5, Sum: 5]
      [Scan RS (ms): Min: 0.0, Avg: 0.0, Max: 0.0, Diff: 0.0, Sum: 0.0]
      [Code Root Scanning (ms): Min: 0.0, Avg: 0.0, Max: 0.1, Diff: 0.1, Sum: 0.1]
      [Object Copy (ms): Min: 0.0, Avg: 0.1, Max: 0.7, Diff: 0.7, Sum: 0.7]
      [Termination (ms): Min: 0.0, Avg: 4.6, Max: 22.8, Diff: 22.8, Sum: 27.5]
         [Termination Attempts: Min: 1, Avg: 1.0, Max: 1, Diff: 0, Sum: 6]
      [GC Worker Other (ms): Min: 0.0, Avg: 0.0, Max: 0.0, Diff: 0.0, Sum: 0.0]
      [GC Worker Total (ms): Min: 0.0, Avg: 4.8, Max: 24.1, Diff: 24.1, Sum: 28.8]
      [GC Worker End (ms): Min: 3211.0, Avg: 3211.3, Max: 3211.5, Diff: 0.5]
   [Code Root Fixup: 0.0 ms]
   [Code Root Purge: 0.0 ms]
   [String Dedup Fixup: 33.5 ms, GC Workers: 6]
      [Queue Fixup (ms): Min: 0.0, Avg: 0.0, Max: 0.0, Diff: 0.0, Sum: 0.0]
      [Table Fixup (ms): Min: 0.0, Avg: 0.0, Max: 0.1, Diff: 0.1, Sum: 0.1]
   [Clear CT: 1.2 ms]
   [Other: 32.1 ms]
      [Choose CSet: 0.0 ms]
      [Ref Proc: 20.3 ms]
      [Ref Enq: 0.0 ms]
      [Redirty Cards: 11.6 ms]
      [Humongous Register: 0.0 ms]
      [Humongous Reclaim: 0.0 ms]
      [Free CSet: 0.0 ms]
   [Eden: 7168.0K(7168.0K)->0.0B(18432.0K) Survivors: 2048.0K->1024.0K Heap: 10375.4K(16384.0K)->2948.8K(32768.0K)]
 [Times: user=0.00 sys=0.01, real=0.15 secs] 
2023-12-21T17:08:41.359+0300: 3.282: [GC concurrent-string-deduplication, 93528.0B->89344.0B(4184.0B), avg 16.3%, 0.0001763 secs]
2023-12-21T17:08:42.242+0300: 4.165: [GC pause (G1 Evacuation Pause) (young)
Desired survivor size 1572864 bytes, new threshold 15 (max 15)
- age   1:      99208 bytes,      99208 total
- age   2:      70952 bytes,     170160 total
- age   3:     288568 bytes,     458728 total
, 0.1005213 secs]
   [Parallel Time: 50.8 ms, GC Workers: 6]
      [GC Worker Start (ms): Min: 4184.8, Avg: 4194.4, Max: 4203.5, Diff: 18.8]
      [Ext Root Scanning (ms): Min: 0.0, Avg: 0.1, Max: 0.5, Diff: 0.5, Sum: 0.6]
      [Update RS (ms): Min: 0.0, Avg: 0.1, Max: 0.4, Diff: 0.4, Sum: 0.4]
         [Processed Buffers: Min: 0, Avg: 1.0, Max: 3, Diff: 3, Sum: 6]
      [Scan RS (ms): Min: 0.0, Avg: 0.0, Max: 0.0, Diff: 0.0, Sum: 0.0]
      [Code Root Scanning (ms): Min: 0.0, Avg: 0.0, Max: 0.2, Diff: 0.2, Sum: 0.2]
      [Object Copy (ms): Min: 0.0, Avg: 0.2, Max: 0.5, Diff: 0.5, Sum: 1.0]
      [Termination (ms): Min: 0.0, Avg: 9.9, Max: 23.8, Diff: 23.8, Sum: 59.6]
         [Termination Attempts: Min: 1, Avg: 1.3, Max: 3, Diff: 2, Sum: 8]
      [GC Worker Other (ms): Min: 0.0, Avg: 0.0, Max: 0.0, Diff: 0.0, Sum: 0.0]
      [GC Worker Total (ms): Min: 0.0, Avg: 10.3, Max: 24.6, Diff: 24.6, Sum: 61.8]
      [GC Worker End (ms): Min: 4203.6, Avg: 4204.7, Max: 4210.1, Diff: 6.6]
   [Code Root Fixup: 0.0 ms]
   [Code Root Purge: 0.0 ms]
   [String Dedup Fixup: 9.6 ms, GC Workers: 6]
      [Queue Fixup (ms): Min: 0.0, Avg: 0.0, Max: 0.0, Diff: 0.0, Sum: 0.0]
      [Table Fixup (ms): Min: 0.0, Avg: 0.0, Max: 0.2, Diff: 0.2, Sum: 0.2]
   [Clear CT: 2.7 ms]
   [Other: 37.4 ms]
      [Choose CSet: 0.0 ms]
      [Ref Proc: 34.5 ms]
      [Ref Enq: 0.0 ms]
      [Redirty Cards: 2.5 ms]
      [Humongous Register: 0.0 ms]
      [Humongous Reclaim: 0.0 ms]
      [Free CSet: 0.0 ms]
   [Eden: 18432.0K(18432.0K)->0.0B(36864.0K) Survivors: 1024.0K->2048.0K Heap: 21380.8K(32768.0K)->3622.4K(65536.0K)]
 [Times: user=0.01 sys=0.00, real=0.11 secs] 
2023-12-21T17:08:42.343+0300: 4.266: [GC concurrent-string-deduplication, 35344.0B->33352.0B(1992.0B), avg 15.2%, 0.0000914 secs]
2023-12-21T17:08:43.769+0300: 5.692: [GC pause (G1 Evacuation Pause) (young)
Desired survivor size 2621440 bytes, new threshold 15 (max 15)
- age   1:     300632 bytes,     300632 total
- age   2:      83232 bytes,     383864 total
- age   3:      66616 bytes,     450480 total
- age   4:     283952 bytes,     734432 total
, 0.1416857 secs]
   [Parallel Time: 71.1 ms, GC Workers: 6]
      [GC Worker Start (ms): Min: 5700.4, Avg: 5714.5, Max: 5721.3, Diff: 20.9]
      [Ext Root Scanning (ms): Min: 0.0, Avg: 0.1, Max: 0.7, Diff: 0.7, Sum: 0.7]
      [Update RS (ms): Min: 0.0, Avg: 0.0, Max: 0.2, Diff: 0.2, Sum: 0.2]
         [Processed Buffers: Min: 0, Avg: 1.2, Max: 7, Diff: 7, Sum: 7]
      [Scan RS (ms): Min: 0.0, Avg: 0.0, Max: 0.0, Diff: 0.0, Sum: 0.0]
      [Code Root Scanning (ms): Min: 0.0, Avg: 0.0, Max: 0.1, Diff: 0.1, Sum: 0.1]
      [Object Copy (ms): Min: 0.0, Avg: 6.3, Max: 37.5, Diff: 37.5, Sum: 37.7]
      [Termination (ms): Min: 0.0, Avg: 22.4, Max: 42.0, Diff: 42.0, Sum: 134.2]
         [Termination Attempts: Min: 1, Avg: 1.2, Max: 2, Diff: 1, Sum: 7]
      [GC Worker Other (ms): Min: 0.0, Avg: 0.0, Max: 0.0, Diff: 0.0, Sum: 0.0]
      [GC Worker Total (ms): Min: 20.1, Avg: 28.8, Max: 42.1, Diff: 21.9, Sum: 173.0]
      [GC Worker End (ms): Min: 5738.8, Avg: 5743.3, Max: 5760.9, Diff: 22.1]
   [Code Root Fixup: 0.0 ms]
   [Code Root Purge: 0.0 ms]
   [String Dedup Fixup: 9.5 ms, GC Workers: 6]
      [Queue Fixup (ms): Min: 0.0, Avg: 0.0, Max: 0.0, Diff: 0.0, Sum: 0.0]
      [Table Fixup (ms): Min: 0.0, Avg: 0.0, Max: 0.1, Diff: 0.1, Sum: 0.1]
   [Clear CT: 17.5 ms]
   [Other: 43.6 ms]
      [Choose CSet: 0.0 ms]
      [Ref Proc: 36.9 ms]
      [Ref Enq: 0.0 ms]
      [Redirty Cards: 6.3 ms]
      [Humongous Register: 0.0 ms]
      [Humongous Reclaim: 0.0 ms]
      [Free CSet: 0.0 ms]
   [Eden: 36864.0K(36864.0K)->0.0B(58368.0K) Survivors: 2048.0K->4096.0K Heap: 40486.4K(65536.0K)->5415.2K(103.0M)]
 [Times: user=0.05 sys=0.01, real=0.14 secs] 
2023-12-21T17:08:43.911+0300: 5.834: [GC concurrent-string-deduplication, 48624.0B->47200.0B(1424.0B), avg 13.6%, 0.0000804 secs]
2023-12-21T17:08:45.126+0300: 7.049: [GC pause (G1 Evacuation Pause) (young)
Desired survivor size 4194304 bytes, new threshold 15 (max 15)
- age   1:     624768 bytes,     624768 total
- age   2:     209688 bytes,     834456 total
- age   3:      82072 bytes,     916528 total
- age   4:      63952 bytes,     980480 total
- age   5:     283536 bytes,    1264016 total
, 0.1767193 secs]
   [Parallel Time: 63.3 ms, GC Workers: 6]
      [GC Worker Start (ms): Min: 7049.3, Avg: 7090.2, Max: 7099.3, Diff: 50.1]
      [Ext Root Scanning (ms): Min: 0.0, Avg: 0.1, Max: 0.8, Diff: 0.8, Sum: 0.8]
      [Update RS (ms): Min: 0.0, Avg: 0.1, Max: 0.3, Diff: 0.3, Sum: 0.3]
         [Processed Buffers: Min: 0, Avg: 1.0, Max: 6, Diff: 6, Sum: 6]
      [Scan RS (ms): Min: 0.0, Avg: 0.0, Max: 0.0, Diff: 0.0, Sum: 0.0]
      [Code Root Scanning (ms): Min: 0.0, Avg: 0.0, Max: 0.1, Diff: 0.1, Sum: 0.1]
      [Object Copy (ms): Min: 0.0, Avg: 0.5, Max: 2.8, Diff: 2.8, Sum: 2.8]
      [Termination (ms): Min: 0.0, Avg: 8.6, Max: 46.2, Diff: 46.2, Sum: 51.7]
         [Termination Attempts: Min: 1, Avg: 1.0, Max: 1, Diff: 0, Sum: 6]
      [GC Worker Other (ms): Min: 0.0, Avg: 0.0, Max: 0.0, Diff: 0.0, Sum: 0.0]
      [GC Worker Total (ms): Min: 0.0, Avg: 9.3, Max: 50.2, Diff: 50.2, Sum: 55.9]
      [GC Worker End (ms): Min: 7099.4, Avg: 7099.5, Max: 7100.0, Diff: 0.6]
   [Code Root Fixup: 0.0 ms]
   [Code Root Purge: 0.0 ms]
   [String Dedup Fixup: 7.9 ms, GC Workers: 6]
      [Queue Fixup (ms): Min: 0.0, Avg: 0.0, Max: 0.0, Diff: 0.0, Sum: 0.0]
      [Table Fixup (ms): Min: 0.0, Avg: 0.0, Max: 0.2, Diff: 0.2, Sum: 0.3]
   [Clear CT: 6.8 ms]
   [Other: 98.8 ms]
      [Choose CSet: 0.0 ms]
      [Ref Proc: 93.0 ms]
      [Ref Enq: 0.0 ms]
      [Redirty Cards: 5.4 ms]
      [Humongous Register: 0.0 ms]
      [Humongous Reclaim: 0.0 ms]
      [Free CSet: 0.0 ms]
   [Eden: 58368.0K(58368.0K)->0.0B(73728.0K) Survivors: 4096.0K->8192.0K Heap: 63783.2K(103.0M)->10103.8K(134.0M)]
 [Times: user=0.05 sys=0.00, real=0.19 secs] 
2023-12-21T17:08:45.303+0300: 7.226: [GC concurrent-string-deduplication, 78024.0B->62432.0B(15592.0B), avg 14.7%, 0.0002214 secs]
2023-12-21T17:09:31.838+0300: 9.589: [GC pause (G1 Evacuation Pause) (young)
Desired survivor size 5242880 bytes, new threshold 15 (max 15)
- age   1:     584344 bytes,     584344 total
- age   2:     426976 bytes,    1011320 total
- age   3:     208536 bytes,    1219856 total
- age   4:      80648 bytes,    1300504 total
- age   5:      63912 bytes,    1364416 total
- age   6:     283456 bytes,    1647872 total
, 0.0982787 secs]
   [Parallel Time: 43.0 ms, GC Workers: 6]
      [GC Worker Start (ms): Min: 9589.4, Avg: 9595.2, Max: 9600.9, Diff: 11.5]
      [Ext Root Scanning (ms): Min: 0.0, Avg: 0.2, Max: 1.0, Diff: 1.0, Sum: 1.0]
      [Update RS (ms): Min: 0.0, Avg: 0.1, Max: 0.3, Diff: 0.3, Sum: 0.3]
         [Processed Buffers: Min: 0, Avg: 0.8, Max: 5, Diff: 5, Sum: 5]
      [Scan RS (ms): Min: 0.0, Avg: 0.0, Max: 0.0, Diff: 0.0, Sum: 0.0]
      [Code Root Scanning (ms): Min: 0.0, Avg: 0.0, Max: 0.2, Diff: 0.2, Sum: 0.2]
      [Object Copy (ms): Min: 0.0, Avg: 6.8, Max: 35.4, Diff: 35.4, Sum: 40.8]
      [Termination (ms): Min: 0.0, Avg: 24.8, Max: 34.7, Diff: 34.7, Sum: 149.0]
         [Termination Attempts: Min: 1, Avg: 3.3, Max: 11, Diff: 10, Sum: 20]
      [GC Worker Other (ms): Min: 0.0, Avg: 0.0, Max: 0.0, Diff: 0.0, Sum: 0.0]
      [GC Worker Total (ms): Min: 25.4, Avg: 31.9, Max: 36.9, Diff: 11.5, Sum: 191.4]
      [GC Worker End (ms): Min: 9626.3, Avg: 9627.1, Max: 9630.5, Diff: 4.3]
   [Code Root Fixup: 0.0 ms]
   [Code Root Purge: 0.0 ms]
   [String Dedup Fixup: 11.2 ms, GC Workers: 6]
      [Queue Fixup (ms): Min: 0.0, Avg: 0.0, Max: 0.0, Diff: 0.0, Sum: 0.0]
      [Table Fixup (ms): Min: 0.0, Avg: 0.1, Max: 0.4, Diff: 0.4, Sum: 0.4]
   [Clear CT: 10.8 ms]
   [Other: 33.3 ms]
      [Choose CSet: 0.0 ms]
      [Ref Proc: 26.5 ms]
      [Ref Enq: 0.0 ms]
      [Redirty Cards: 6.5 ms]
      [Humongous Register: 0.0 ms]
      [Humongous Reclaim: 0.0 ms]
      [Free CSet: 0.0 ms]
   [Eden: 73728.0K(73728.0K)->0.0B(92160.0K) Survivors: 8192.0K->5120.0K Heap: 83831.8K(134.0M)->6758.5K(159.0M)]
 [Times: user=0.04 sys=0.01, real=0.11 secs] 
2023-12-21T17:09:31.937+0300: 9.688: [GC concurrent-string-deduplication, 101408.0B->74392.0B(27016.0B), avg 16.8%, 0.0002429 secs]
2023-12-21T17:09:34.612+0300: 12.363: [GC pause (G1 Evacuation Pause) (young)
Desired survivor size 6291456 bytes, new threshold 15 (max 15)
- age   1:    1021112 bytes,    1021112 total
- age   2:     115984 bytes,    1137096 total
- age   3:     406904 bytes,    1544000 total
- age   4:     182680 bytes,    1726680 total
- age   5:      79288 bytes,    1805968 total
- age   6:      63112 bytes,    1869080 total
- age   7:     282848 bytes,    2151928 total
, 0.3024122 secs]
   [Parallel Time: 224.9 ms, GC Workers: 6]
      [GC Worker Start (ms): Min: 12529.9, Avg: 12545.1, Max: 12563.9, Diff: 34.1]
      [Ext Root Scanning (ms): Min: 0.0, Avg: 0.2, Max: 1.2, Diff: 1.2, Sum: 1.2]
      [Update RS (ms): Min: 0.0, Avg: 0.1, Max: 0.3, Diff: 0.3, Sum: 0.3]
         [Processed Buffers: Min: 0, Avg: 1.2, Max: 7, Diff: 7, Sum: 7]
      [Scan RS (ms): Min: 0.0, Avg: 0.0, Max: 0.0, Diff: 0.0, Sum: 0.1]
      [Code Root Scanning (ms): Min: 0.0, Avg: 0.1, Max: 0.3, Diff: 0.3, Sum: 0.3]
      [Object Copy (ms): Min: 0.0, Avg: 9.1, Max: 50.4, Diff: 50.4, Sum: 54.5]
      [Termination (ms): Min: 0.0, Avg: 28.8, Max: 47.6, Diff: 47.6, Sum: 172.6]
         [Termination Attempts: Min: 1, Avg: 4.0, Max: 14, Diff: 13, Sum: 24]
      [GC Worker Other (ms): Min: 0.0, Avg: 0.0, Max: 0.0, Diff: 0.0, Sum: 0.0]
      [GC Worker Total (ms): Min: 20.2, Avg: 38.2, Max: 52.3, Diff: 32.1, Sum: 229.1]
      [GC Worker End (ms): Min: 12582.2, Avg: 12583.3, Max: 12584.1, Diff: 2.0]
   [Code Root Fixup: 0.0 ms]
   [Code Root Purge: 0.0 ms]
   [String Dedup Fixup: 13.6 ms, GC Workers: 6]
      [Queue Fixup (ms): Min: 0.0, Avg: 0.0, Max: 0.0, Diff: 0.0, Sum: 0.0]
      [Table Fixup (ms): Min: 0.0, Avg: 0.1, Max: 0.4, Diff: 0.4, Sum: 0.4]
   [Clear CT: 8.3 ms]
   [Other: 55.7 ms]
      [Choose CSet: 0.0 ms]
      [Ref Proc: 38.4 ms]
      [Ref Enq: 0.0 ms]
      [Redirty Cards: 16.9 ms]
      [Humongous Register: 0.0 ms]
      [Humongous Reclaim: 0.0 ms]
      [Free CSet: 0.0 ms]
   [Eden: 92160.0K(92160.0K)->0.0B(102.0M) Survivors: 5120.0K->5120.0K Heap: 98918.5K(159.0M)->6758.5K(179.0M)]
 [Times: user=0.06 sys=0.02, real=0.29 secs] 
2023-12-21T17:09:34.915+0300: 12.666: [GC concurrent-string-deduplication, 43840.0B->38320.0B(5520.0B), avg 16.5%, 0.0002537 secs]
2023-12-21T17:09:37.539+0300: 15.289: [GC pause (G1 Evacuation Pause) (young)
Desired survivor size 7340032 bytes, new threshold 15 (max 15)
- age   1:     687632 bytes,     687632 total
- age   2:     779584 bytes,    1467216 total
- age   3:     115744 bytes,    1582960 total
- age   4:     376504 bytes,    1959464 total
- age   5:     182480 bytes,    2141944 total
- age   6:      79288 bytes,    2221232 total
- age   7:      60696 bytes,    2281928 total
- age   8:     278848 bytes,    2560776 total
, 0.1488564 secs]
   [Parallel Time: 94.9 ms, GC Workers: 6]
      [GC Worker Start (ms): Min: 15289.9, Avg: 15306.3, Max: 15323.1, Diff: 33.2]
      [Ext Root Scanning (ms): Min: 0.0, Avg: 12.7, Max: 75.7, Diff: 75.7, Sum: 76.1]
      [Update RS (ms): Min: 0.0, Avg: 3.5, Max: 20.9, Diff: 20.9, Sum: 20.9]
         [Processed Buffers: Min: 0, Avg: 1.3, Max: 5, Diff: 5, Sum: 8]
      [Scan RS (ms): Min: 0.0, Avg: 0.0, Max: 0.0, Diff: 0.0, Sum: 0.1]
      [Code Root Scanning (ms): Min: 0.0, Avg: 0.0, Max: 0.2, Diff: 0.2, Sum: 0.2]
      [Object Copy (ms): Min: 0.0, Avg: 2.0, Max: 3.0, Diff: 3.0, Sum: 11.8]
      [Termination (ms): Min: 0.0, Avg: 43.5, Max: 66.3, Diff: 66.3, Sum: 261.0]
         [Termination Attempts: Min: 1, Avg: 11.3, Max: 23, Diff: 22, Sum: 68]
      [GC Worker Other (ms): Min: 0.0, Avg: 0.0, Max: 0.0, Diff: 0.0, Sum: 0.0]
      [GC Worker Total (ms): Min: 43.1, Avg: 61.7, Max: 76.2, Diff: 33.2, Sum: 370.1]
      [GC Worker End (ms): Min: 15366.1, Avg: 15368.0, Max: 15377.3, Diff: 11.2]
   [Code Root Fixup: 0.0 ms]
   [Code Root Purge: 0.0 ms]
   [String Dedup Fixup: 15.0 ms, GC Workers: 6]
      [Queue Fixup (ms): Min: 0.0, Avg: 0.0, Max: 0.0, Diff: 0.0, Sum: 0.0]
      [Table Fixup (ms): Min: 0.0, Avg: 0.1, Max: 0.8, Diff: 0.8, Sum: 0.8]
   [Clear CT: 8.9 ms]
   [Other: 30.1 ms]
      [Choose CSet: 0.0 ms]
      [Ref Proc: 27.5 ms]
      [Ref Enq: 0.0 ms]
      [Redirty Cards: 2.2 ms]
      [Humongous Register: 0.0 ms]
      [Humongous Reclaim: 0.0 ms]
      [Free CSet: 0.0 ms]
   [Eden: 102.0M(102.0M)->0.0B(109.0M) Survivors: 5120.0K->8192.0K Heap: 108.6M(179.0M)->10342.5K(195.0M)]
 [Times: user=0.05 sys=0.01, real=0.15 secs] 
2023-12-21T17:09:37.688+0300: 15.439: [GC concurrent-string-deduplication, 133.2K->94920.0B(41520.0B), avg 19.1%, 0.0004216 secs]
2023-12-21T17:09:39.508+0300: 17.259: [GC pause (Metadata GC Threshold) (young) (initial-mark)
Desired survivor size 7864320 bytes, new threshold 15 (max 15)
- age   1:    1562408 bytes,    1562408 total
- age   2:     476528 bytes,    2038936 total
- age   3:     757224 bytes,    2796160 total
- age   4:     109008 bytes,    2905168 total
- age   5:     364928 bytes,    3270096 total
- age   6:     179632 bytes,    3449728 total
- age   7:      78744 bytes,    3528472 total
- age   8:      59304 bytes,    3587776 total
- age   9:     275808 bytes,    3863584 total
, 0.2048581 secs]
   [Parallel Time: 71.7 ms, GC Workers: 6]
      [GC Worker Start (ms): Min: 17260.4, Avg: 17270.2, Max: 17278.5, Diff: 18.1]
      [Ext Root Scanning (ms): Min: 0.4, Avg: 27.8, Max: 44.4, Diff: 44.1, Sum: 167.1]
      [Update RS (ms): Min: 0.0, Avg: 0.1, Max: 0.3, Diff: 0.3, Sum: 0.3]
         [Processed Buffers: Min: 0, Avg: 1.3, Max: 8, Diff: 8, Sum: 8]
      [Scan RS (ms): Min: 0.0, Avg: 0.4, Max: 2.4, Diff: 2.4, Sum: 2.4]
      [Code Root Scanning (ms): Min: 0.0, Avg: 0.1, Max: 0.6, Diff: 0.6, Sum: 0.6]
      [Object Copy (ms): Min: 0.0, Avg: 8.5, Max: 20.1, Diff: 20.1, Sum: 51.2]
      [Termination (ms): Min: 0.0, Avg: 15.1, Max: 36.6, Diff: 36.6, Sum: 90.6]
         [Termination Attempts: Min: 1, Avg: 4.3, Max: 20, Diff: 19, Sum: 26]
      [GC Worker Other (ms): Min: 0.0, Avg: 0.0, Max: 0.0, Diff: 0.0, Sum: 0.0]
      [GC Worker Total (ms): Min: 43.3, Avg: 52.0, Max: 60.9, Diff: 17.6, Sum: 312.3]
      [GC Worker End (ms): Min: 17321.3, Avg: 17322.2, Max: 17326.6, Diff: 5.3]
   [Code Root Fixup: 0.0 ms]
   [Code Root Purge: 0.0 ms]
   [String Dedup Fixup: 14.8 ms, GC Workers: 6]
      [Queue Fixup (ms): Min: 0.0, Avg: 0.0, Max: 0.0, Diff: 0.0, Sum: 0.0]
      [Table Fixup (ms): Min: 0.0, Avg: 0.2, Max: 1.0, Diff: 1.0, Sum: 1.0]
   [Clear CT: 19.5 ms]
   [Other: 98.9 ms]
      [Choose CSet: 0.0 ms]
      [Ref Proc: 84.6 ms]
      [Ref Enq: 0.0 ms]
      [Redirty Cards: 14.0 ms]
      [Humongous Register: 0.0 ms]
      [Humongous Reclaim: 0.0 ms]
      [Free CSet: 0.1 ms]
   [Eden: 79872.0K(109.0M)->0.0B(116.0M) Survivors: 8192.0K->8192.0K Heap: 89704.5K(195.0M)->9830.5K(208.0M)]
 [Times: user=0.07 sys=0.01, real=0.21 secs] 
2023-12-21T17:09:39.713+0300: 17.464: [GC concurrent-root-region-scan-start]
2023-12-21T17:09:39.715+0300: 17.466: [GC concurrent-string-deduplication, 75176.0B->62176.0B(13000.0B), avg 18.9%, 0.0003312 secs]
2023-12-21T17:09:39.735+0300: 17.486: [GC concurrent-root-region-scan-end, 0.0220874 secs]
2023-12-21T17:09:39.735+0300: 17.486: [GC concurrent-mark-start]
2023-12-21T17:09:39.838+0300: 17.589: [GC concurrent-mark-end, 0.1030088 secs]
2023-12-21T17:09:39.870+0300: 17.621: [GC remark 2023-12-21T17:09:39.870+0300: 17.621: [Finalize Marking, 0.0242770 secs] 2023-12-21T17:09:39.895+0300: 17.646: [GC ref-proc, 0.0000805 secs] 2023-12-21T17:09:39.895+0300: 17.646: [Unloading, 0.0399682 secs], 0.0698505 secs]
 [Times: user=0.03 sys=0.00, real=0.06 secs] 
2023-12-21T17:09:39.957+0300: 17.708: [GC cleanup 11878K->11878K(208M), 0.0255904 secs]
 [Times: user=0.01 sys=0.00, real=0.03 secs] 
2023-12-21T17:09:42.552+0300: 20.303: [GC pause (G1 Evacuation Pause) (young)
Desired survivor size 8388608 bytes, new threshold 15 (max 15)
- age   1:    1014096 bytes,    1014096 total
- age   2:    1216240 bytes,    2230336 total
- age   3:     470320 bytes,    2700656 total
- age   4:     713440 bytes,    3414096 total
- age   5:     109008 bytes,    3523104 total
- age   6:     364928 bytes,    3888032 total
- age   7:     179616 bytes,    4067648 total
- age   8:      78744 bytes,    4146392 total
- age   9:      59304 bytes,    4205696 total
- age  10:     274472 bytes,    4480168 total
, 0.3854429 secs]
   [Parallel Time: 159.4 ms, GC Workers: 6]
      [GC Worker Start (ms): Min: 20302.8, Avg: 20329.3, Max: 20353.7, Diff: 50.9]
      [Ext Root Scanning (ms): Min: 0.0, Avg: 10.8, Max: 62.8, Diff: 62.8, Sum: 64.6]
      [Update RS (ms): Min: 0.0, Avg: 0.1, Max: 0.4, Diff: 0.4, Sum: 0.4]
         [Processed Buffers: Min: 0, Avg: 1.2, Max: 7, Diff: 7, Sum: 7]
      [Scan RS (ms): Min: 0.0, Avg: 0.0, Max: 0.0, Diff: 0.0, Sum: 0.1]
      [Code Root Scanning (ms): Min: 0.0, Avg: 0.1, Max: 0.6, Diff: 0.6, Sum: 0.6]
      [Object Copy (ms): Min: 0.0, Avg: 16.8, Max: 89.8, Diff: 89.8, Sum: 100.6]
      [Termination (ms): Min: 0.0, Avg: 39.4, Max: 78.8, Diff: 78.8, Sum: 236.3]
         [Termination Attempts: Min: 1, Avg: 3.8, Max: 10, Diff: 9, Sum: 23]
      [GC Worker Other (ms): Min: 0.0, Avg: 0.0, Max: 0.0, Diff: 0.0, Sum: 0.0]
      [GC Worker Total (ms): Min: 42.6, Avg: 67.1, Max: 93.2, Diff: 50.6, Sum: 402.6]
      [GC Worker End (ms): Min: 20396.0, Avg: 20396.4, Max: 20398.1, Diff: 2.1]
   [Code Root Fixup: 0.1 ms]
   [Code Root Purge: 0.0 ms]
   [String Dedup Fixup: 81.4 ms, GC Workers: 6]
      [Queue Fixup (ms): Min: 0.0, Avg: 0.0, Max: 0.0, Diff: 0.0, Sum: 0.0]
      [Table Fixup (ms): Min: 0.0, Avg: 0.1, Max: 0.6, Diff: 0.6, Sum: 0.6]
   [Clear CT: 16.9 ms]
   [Other: 127.8 ms]
      [Choose CSet: 0.0 ms]
      [Ref Proc: 119.9 ms]
      [Ref Enq: 0.1 ms]
      [Redirty Cards: 7.5 ms]
      [Humongous Register: 0.0 ms]
      [Humongous Reclaim: 0.0 ms]
      [Free CSet: 0.1 ms]
   [Eden: 116.0M(116.0M)->0.0B(1024.0K) Survivors: 8192.0K->11264.0K Heap: 125.6M(208.0M)->13414.5K(218.0M)]
 [Times: user=0.07 sys=0.02, real=0.38 secs] 
2023-12-21T17:09:42.939+0300: 20.690: [GC concurrent-string-deduplication, 188.0K->140.1K(49080.0B), avg 20.2%, 0.0009556 secs]
2023-12-21T17:09:42.957+0300: 20.708: [GC pause (G1 Evacuation Pause) (young)
Desired survivor size 1048576 bytes, new threshold 1 (max 15)
- age   1:    1674696 bytes,    1674696 total
- age   2:     582400 bytes,    2257096 total
- age   3:    1182960 bytes,    3440056 total
- age   4:     449608 bytes,    3889664 total
- age   5:     653560 bytes,    4543224 total
- age   6:     104688 bytes,    4647912 total
- age   7:     348240 bytes,    4996152 total
- age   8:     178592 bytes,    5174744 total
- age   9:      74184 bytes,    5248928 total
- age  10:      59016 bytes,    5307944 total
- age  11:     271088 bytes,    5579032 total
, 0.1430540 secs]
   [Parallel Time: 82.7 ms, GC Workers: 6]
      [GC Worker Start (ms): Min: 20708.4, Avg: 20744.2, Max: 20777.0, Diff: 68.6]
      [Ext Root Scanning (ms): Min: 0.0, Avg: 3.5, Max: 20.3, Diff: 20.3, Sum: 21.1]
      [Update RS (ms): Min: 0.0, Avg: 0.1, Max: 0.4, Diff: 0.4, Sum: 0.4]
         [Processed Buffers: Min: 0, Avg: 0.7, Max: 4, Diff: 4, Sum: 4]
      [Scan RS (ms): Min: 0.0, Avg: 0.0, Max: 0.0, Diff: 0.0, Sum: 0.0]
      [Code Root Scanning (ms): Min: 0.0, Avg: 0.1, Max: 0.5, Diff: 0.5, Sum: 0.5]
      [Object Copy (ms): Min: 0.0, Avg: 29.4, Max: 66.6, Diff: 66.6, Sum: 176.4]
      [Termination (ms): Min: 0.0, Avg: 3.7, Max: 9.4, Diff: 9.4, Sum: 22.0]
         [Termination Attempts: Min: 1, Avg: 6.0, Max: 31, Diff: 30, Sum: 36]
      [GC Worker Other (ms): Min: 0.0, Avg: 0.0, Max: 0.0, Diff: 0.0, Sum: 0.0]
      [GC Worker Total (ms): Min: 3.0, Avg: 36.7, Max: 71.3, Diff: 68.3, Sum: 220.4]
      [GC Worker End (ms): Min: 20779.6, Avg: 20781.0, Max: 20786.4, Diff: 6.8]
   [Code Root Fixup: 0.1 ms]
   [Code Root Purge: 0.0 ms]
   [String Dedup Fixup: 2.8 ms, GC Workers: 6]
      [Queue Fixup (ms): Min: 0.0, Avg: 0.0, Max: 0.0, Diff: 0.0, Sum: 0.0]
      [Table Fixup (ms): Min: 0.0, Avg: 0.1, Max: 0.3, Diff: 0.3, Sum: 0.5]
   [Clear CT: 2.1 ms]
   [Other: 55.5 ms]
      [Choose CSet: 0.0 ms]
      [Ref Proc: 49.7 ms]
      [Ref Enq: 0.0 ms]
      [Redirty Cards: 3.9 ms]
      [Humongous Register: 0.0 ms]
      [Humongous Reclaim: 0.0 ms]
      [Free CSet: 0.0 ms]
   [Eden: 1024.0K(1024.0K)->0.0B(9216.0K) Survivors: 11264.0K->2048.0K Heap: 14438.5K(218.0M)->11649.0K(226.0M)]
 [Times: user=0.04 sys=0.02, real=0.14 secs] 
2023-12-21T17:09:43.101+0300: 20.852: [GC concurrent-string-deduplication, 302.4K->235.1K(68856.0B), avg 20.7%, 0.0008192 secs]
2023-12-21T17:09:43.275+0300: 21.026: [GC pause (G1 Evacuation Pause) (young)
Desired survivor size 1048576 bytes, new threshold 15 (max 15)
- age   1:      12624 bytes,      12624 total
, 0.0986908 secs]
   [Parallel Time: 42.8 ms, GC Workers: 6]
      [GC Worker Start (ms): Min: 21026.1, Avg: 21032.9, Max: 21045.1, Diff: 19.0]
      [Ext Root Scanning (ms): Min: 0.0, Avg: 0.2, Max: 0.5, Diff: 0.5, Sum: 0.9]
      [Update RS (ms): Min: 0.0, Avg: 0.1, Max: 0.5, Diff: 0.5, Sum: 0.8]
         [Processed Buffers: Min: 0, Avg: 2.0, Max: 6, Diff: 6, Sum: 12]
      [Scan RS (ms): Min: 0.0, Avg: 0.0, Max: 0.0, Diff: 0.0, Sum: 0.0]
      [Code Root Scanning (ms): Min: 0.0, Avg: 0.0, Max: 0.0, Diff: 0.0, Sum: 0.0]
      [Object Copy (ms): Min: 0.0, Avg: 0.1, Max: 0.2, Diff: 0.2, Sum: 0.3]
      [Termination (ms): Min: 0.0, Avg: 16.2, Max: 25.1, Diff: 25.1, Sum: 97.2]
         [Termination Attempts: Min: 1, Avg: 1.0, Max: 1, Diff: 0, Sum: 6]
      [GC Worker Other (ms): Min: 0.0, Avg: 0.0, Max: 0.0, Diff: 0.0, Sum: 0.0]
      [GC Worker Total (ms): Min: 0.0, Avg: 16.6, Max: 26.1, Diff: 26.0, Sum: 99.4]
      [GC Worker End (ms): Min: 21045.2, Avg: 21049.5, Max: 21052.2, Diff: 7.1]
   [Code Root Fixup: 0.0 ms]
   [Code Root Purge: 0.0 ms]
   [String Dedup Fixup: 4.8 ms, GC Workers: 6]
      [Queue Fixup (ms): Min: 0.0, Avg: 0.0, Max: 0.0, Diff: 0.0, Sum: 0.0]
      [Table Fixup (ms): Min: 0.0, Avg: 0.1, Max: 0.5, Diff: 0.5, Sum: 0.5]
   [Clear CT: 5.0 ms]
   [Other: 46.1 ms]
      [Choose CSet: 0.0 ms]
      [Ref Proc: 40.8 ms]
      [Ref Enq: 0.0 ms]
      [Redirty Cards: 5.1 ms]
      [Humongous Register: 0.0 ms]
      [Humongous Reclaim: 0.0 ms]
      [Free CSet: 0.0 ms]
   [Eden: 9216.0K(9216.0K)->0.0B(137.0M) Survivors: 2048.0K->2048.0K Heap: 20865.0K(226.0M)->10989.9K(232.0M)]
 [Times: user=0.02 sys=0.01, real=0.10 secs] 
2023-12-21T17:09:44.775+0300: 22.526: [GC pause (G1 Evacuation Pause) (young)
Desired survivor size 9437184 bytes, new threshold 15 (max 15)
- age   1:     158184 bytes,     158184 total
- age   2:       8120 bytes,     166304 total
, 0.1032763 secs]
   [Parallel Time: 33.9 ms, GC Workers: 6]
      [GC Worker Start (ms): Min: 22526.2, Avg: 22535.6, Max: 22542.7, Diff: 16.4]
      [Ext Root Scanning (ms): Min: 0.0, Avg: 0.4, Max: 1.8, Diff: 1.8, Sum: 2.2]
      [Update RS (ms): Min: 0.0, Avg: 0.2, Max: 1.1, Diff: 1.1, Sum: 1.1]
         [Processed Buffers: Min: 0, Avg: 1.5, Max: 9, Diff: 9, Sum: 9]
      [Scan RS (ms): Min: 0.0, Avg: 0.0, Max: 0.0, Diff: 0.0, Sum: 0.1]
      [Code Root Scanning (ms): Min: 0.0, Avg: 0.0, Max: 0.0, Diff: 0.0, Sum: 0.0]
      [Object Copy (ms): Min: 0.0, Avg: 9.6, Max: 25.5, Diff: 25.5, Sum: 57.4]
      [Termination (ms): Min: 0.0, Avg: 9.3, Max: 18.6, Diff: 18.6, Sum: 55.6]
         [Termination Attempts: Min: 1, Avg: 3.0, Max: 7, Diff: 6, Sum: 18]
      [GC Worker Other (ms): Min: 0.0, Avg: 0.0, Max: 0.0, Diff: 0.0, Sum: 0.1]
      [GC Worker Total (ms): Min: 14.0, Avg: 19.4, Max: 27.3, Diff: 13.3, Sum: 116.5]
      [GC Worker End (ms): Min: 22553.6, Avg: 22555.0, Max: 22558.8, Diff: 5.2]
   [Code Root Fixup: 0.0 ms]
   [Code Root Purge: 0.0 ms]
   [String Dedup Fixup: 32.7 ms, GC Workers: 6]
      [Queue Fixup (ms): Min: 0.0, Avg: 0.0, Max: 0.0, Diff: 0.0, Sum: 0.0]
      [Table Fixup (ms): Min: 0.0, Avg: 1.1, Max: 6.7, Diff: 6.7, Sum: 6.7]
   [Clear CT: 8.8 ms]
   [Other: 27.9 ms]
      [Choose CSet: 0.0 ms]
      [Ref Proc: 17.0 ms]
      [Ref Enq: 0.0 ms]
      [Redirty Cards: 10.7 ms]
      [Humongous Register: 0.0 ms]
      [Humongous Reclaim: 0.0 ms]
      [Free CSet: 0.0 ms]
   [Eden: 137.0M(137.0M)->0.0B(138.0M) Survivors: 2048.0K->4096.0K Heap: 147.7M(232.0M)->13210.1K(237.0M)]
 [Times: user=0.02 sys=0.01, real=0.10 secs] 
2023-12-21T17:09:44.879+0300: 22.630: [GC concurrent-string-deduplication, 2104.0B->1800.0B(304.0B), avg 20.6%, 0.0000147 secs]
2023-12-21T17:09:47.422+0300: 25.172: [GC pause (G1 Evacuation Pause) (young)
Desired survivor size 9437184 bytes, new threshold 15 (max 15)
- age   1:    1009344 bytes,    1009344 total
- age   2:      28864 bytes,    1038208 total
- age   3:       8008 bytes,    1046216 total
, 0.1775547 secs]
   [Parallel Time: 29.3 ms, GC Workers: 6]
      [GC Worker Start (ms): Min: 25183.8, Avg: 25186.4, Max: 25189.9, Diff: 6.1]
      [Ext Root Scanning (ms): Min: 0.0, Avg: 0.3, Max: 0.7, Diff: 0.7, Sum: 1.7]
      [Update RS (ms): Min: 0.0, Avg: 0.2, Max: 0.5, Diff: 0.5, Sum: 1.0]
         [Processed Buffers: Min: 0, Avg: 1.8, Max: 5, Diff: 5, Sum: 11]
      [Scan RS (ms): Min: 0.0, Avg: 0.0, Max: 0.0, Diff: 0.0, Sum: 0.1]
      [Code Root Scanning (ms): Min: 0.0, Avg: 0.0, Max: 0.1, Diff: 0.1, Sum: 0.1]
      [Object Copy (ms): Min: 0.0, Avg: 1.4, Max: 2.9, Diff: 2.9, Sum: 8.3]
      [Termination (ms): Min: 0.0, Avg: 4.6, Max: 12.9, Diff: 12.9, Sum: 27.7]
         [Termination Attempts: Min: 1, Avg: 7.8, Max: 23, Diff: 22, Sum: 47]
      [GC Worker Other (ms): Min: 0.0, Avg: 0.0, Max: 0.0, Diff: 0.0, Sum: 0.0]
      [GC Worker Total (ms): Min: 0.0, Avg: 6.5, Max: 16.6, Diff: 16.5, Sum: 38.8]
      [GC Worker End (ms): Min: 25189.9, Avg: 25192.9, Max: 25200.5, Diff: 10.6]
   [Code Root Fixup: 0.0 ms]
   [Code Root Purge: 0.0 ms]
   [String Dedup Fixup: 29.3 ms, GC Workers: 6]
      [Queue Fixup (ms): Min: 0.0, Avg: 0.0, Max: 0.0, Diff: 0.0, Sum: 0.0]
      [Table Fixup (ms): Min: 0.0, Avg: 0.1, Max: 0.4, Diff: 0.4, Sum: 0.4]
   [Clear CT: 28.9 ms]
   [Other: 90.0 ms]
      [Choose CSet: 0.0 ms]
      [Ref Proc: 81.7 ms]
      [Ref Enq: 0.0 ms]
      [Redirty Cards: 8.2 ms]
      [Humongous Register: 0.0 ms]
      [Humongous Reclaim: 0.0 ms]
      [Free CSet: 0.1 ms]
   [Eden: 138.0M(138.0M)->0.0B(132.0M) Survivors: 4096.0K->10240.0K Heap: 150.9M(237.0M)->19233.9K(237.0M)]
 [Times: user=0.03 sys=0.01, real=0.19 secs] 
2023-12-21T17:09:47.599+0300: 25.350: [GC concurrent-string-deduplication, 7064.0B->4696.0B(2368.0B), avg 20.7%, 0.0000286 secs]
2023-12-21T17:09:48.807+0300: 26.558: [GC pause (G1 Evacuation Pause) (young)
Desired survivor size 9437184 bytes, new threshold 15 (max 15)
- age   1:    2760080 bytes,    2760080 total
- age   2:     669600 bytes,    3429680 total
- age   3:      27072 bytes,    3456752 total
- age   4:       6296 bytes,    3463048 total
, 0.2666403 secs]
   [Parallel Time: 109.0 ms, GC Workers: 6]
      [GC Worker Start (ms): Min: 26597.2, Avg: 26602.3, Max: 26607.8, Diff: 10.7]
      [Ext Root Scanning (ms): Min: 0.0, Avg: 0.2, Max: 0.9, Diff: 0.9, Sum: 1.5]
      [Update RS (ms): Min: 0.0, Avg: 0.2, Max: 0.6, Diff: 0.6, Sum: 1.1]
         [Processed Buffers: Min: 0, Avg: 1.8, Max: 8, Diff: 8, Sum: 11]
      [Scan RS (ms): Min: 0.0, Avg: 0.0, Max: 0.0, Diff: 0.0, Sum: 0.1]
      [Code Root Scanning (ms): Min: 0.0, Avg: 4.9, Max: 29.5, Diff: 29.5, Sum: 29.7]
      [Object Copy (ms): Min: 0.0, Avg: 1.6, Max: 4.9, Diff: 4.9, Sum: 9.9]
      [Termination (ms): Min: 0.0, Avg: 22.5, Max: 45.6, Diff: 45.6, Sum: 135.2]
         [Termination Attempts: Min: 1, Avg: 2.3, Max: 7, Diff: 6, Sum: 14]
      [GC Worker Other (ms): Min: 0.0, Avg: 0.0, Max: 0.0, Diff: 0.0, Sum: 0.0]
      [GC Worker Total (ms): Min: 20.6, Avg: 29.6, Max: 52.1, Diff: 31.5, Sum: 177.4]
      [GC Worker End (ms): Min: 26628.3, Avg: 26631.9, Max: 26649.3, Diff: 21.0]
   [Code Root Fixup: 0.0 ms]
   [Code Root Purge: 0.0 ms]
   [String Dedup Fixup: 45.7 ms, GC Workers: 6]
      [Queue Fixup (ms): Min: 0.0, Avg: 0.0, Max: 0.0, Diff: 0.0, Sum: 0.0]
      [Table Fixup (ms): Min: 0.0, Avg: 0.1, Max: 0.2, Diff: 0.2, Sum: 0.4]
   [Clear CT: 16.1 ms]
   [Other: 95.7 ms]
      [Choose CSet: 0.0 ms]
      [Ref Proc: 87.1 ms]
      [Ref Enq: 0.1 ms]
      [Redirty Cards: 8.4 ms]
      [Humongous Register: 0.0 ms]
      [Humongous Reclaim: 0.0 ms]
      [Free CSet: 0.1 ms]
   [Eden: 132.0M(132.0M)->0.0B(1024.0K) Survivors: 10240.0K->15360.0K Heap: 150.8M(237.0M)->24449.0K(237.0M)]
 [Times: user=0.09 sys=0.03, real=0.27 secs] 
2023-12-21T17:09:49.078+0300: 26.829: [GC concurrent-string-deduplication, 124.9K->102040.0B(25816.0B), avg 20.7%, 0.0003849 secs]
2023-12-21T17:09:49.122+0300: 26.873: [GC pause (G1 Evacuation Pause) (young)
Desired survivor size 1048576 bytes, new threshold 1 (max 15)
- age   1:    2096440 bytes,    2096440 total
- age   2:    2252200 bytes,    4348640 total
- age   3:     664368 bytes,    5013008 total
- age   4:      24704 bytes,    5037712 total
- age   5:       6256 bytes,    5043968 total
, 0.1718167 secs]
   [Parallel Time: 103.9 ms, GC Workers: 6]
      [GC Worker Start (ms): Min: 26900.5, Avg: 26924.2, Max: 26945.4, Diff: 44.9]
      [Ext Root Scanning (ms): Min: 0.0, Avg: 0.2, Max: 1.1, Diff: 1.1, Sum: 1.1]
      [Update RS (ms): Min: 0.0, Avg: 0.2, Max: 1.0, Diff: 1.0, Sum: 1.0]
         [Processed Buffers: Min: 0, Avg: 1.5, Max: 9, Diff: 9, Sum: 9]
      [Scan RS (ms): Min: 0.0, Avg: 0.0, Max: 0.0, Diff: 0.0, Sum: 0.0]
      [Code Root Scanning (ms): Min: 0.0, Avg: 0.0, Max: 0.2, Diff: 0.2, Sum: 0.2]
      [Object Copy (ms): Min: 9.8, Avg: 45.0, Max: 94.6, Diff: 84.8, Sum: 270.3]
      [Termination (ms): Min: 0.0, Avg: 29.5, Max: 43.5, Diff: 43.5, Sum: 177.0]
         [Termination Attempts: Min: 1, Avg: 30.3, Max: 71, Diff: 70, Sum: 182]
      [GC Worker Other (ms): Min: 0.0, Avg: 0.0, Max: 0.1, Diff: 0.1, Sum: 0.1]
      [GC Worker Total (ms): Min: 53.3, Avg: 74.9, Max: 98.2, Diff: 44.9, Sum: 449.7]
      [GC Worker End (ms): Min: 26998.7, Avg: 26999.1, Max: 27000.8, Diff: 2.1]
   [Code Root Fixup: 0.0 ms]
   [Code Root Purge: 0.0 ms]
   [String Dedup Fixup: 4.7 ms, GC Workers: 6]
      [Queue Fixup (ms): Min: 0.0, Avg: 0.0, Max: 0.0, Diff: 0.0, Sum: 0.0]
      [Table Fixup (ms): Min: 0.0, Avg: 0.1, Max: 0.4, Diff: 0.4, Sum: 0.4]
   [Clear CT: 5.3 ms]
   [Other: 57.9 ms]
      [Choose CSet: 0.0 ms]
      [Ref Proc: 22.4 ms]
      [Ref Enq: 0.0 ms]
      [Redirty Cards: 8.2 ms]
      [Humongous Register: 0.0 ms]
      [Humongous Reclaim: 0.0 ms]
      [Free CSet: 0.0 ms]
   [Eden: 1024.0K(1024.0K)->0.0B(140.0M) Survivors: 15360.0K->2048.0K Heap: 25473.0K(237.0M)->25386.0K(237.0M)]
 [Times: user=0.06 sys=0.02, real=0.17 secs] 
2023-12-21T17:09:49.297+0300: 27.048: [GC concurrent-string-deduplication, 1280.9K->866.0K(414.9K), avg 26.2%, 0.0027110 secs]
2023-12-21T17:09:50.004+0300: 27.755: [GC pause (G1 Evacuation Pause) (young)
Desired survivor size 9437184 bytes, new threshold 15 (max 15)
- age   1:      19144 bytes,      19144 total
, 0.2295345 secs]
   [Parallel Time: 50.8 ms, GC Workers: 6]
      [GC Worker Start (ms): Min: 27756.7, Avg: 27772.2, Max: 27778.9, Diff: 22.2]
      [Ext Root Scanning (ms): Min: 0.0, Avg: 0.2, Max: 1.4, Diff: 1.4, Sum: 1.4]
      [Update RS (ms): Min: 0.0, Avg: 0.3, Max: 1.6, Diff: 1.6, Sum: 1.6]
         [Processed Buffers: Min: 0, Avg: 3.0, Max: 18, Diff: 18, Sum: 18]
      [Scan RS (ms): Min: 0.0, Avg: 0.0, Max: 0.1, Diff: 0.1, Sum: 0.1]
      [Code Root Scanning (ms): Min: 0.0, Avg: 0.0, Max: 0.0, Diff: 0.0, Sum: 0.0]
      [Object Copy (ms): Min: 0.0, Avg: 10.5, Max: 39.5, Diff: 39.5, Sum: 62.7]
      [Termination (ms): Min: 0.0, Avg: 16.5, Max: 22.4, Diff: 22.4, Sum: 98.9]
         [Termination Attempts: Min: 1, Avg: 10.7, Max: 50, Diff: 49, Sum: 64]
      [GC Worker Other (ms): Min: 0.0, Avg: 0.0, Max: 0.0, Diff: 0.0, Sum: 0.0]
      [GC Worker Total (ms): Min: 21.4, Avg: 27.5, Max: 42.6, Diff: 21.3, Sum: 164.8]
      [GC Worker End (ms): Min: 27799.3, Avg: 27799.7, Max: 27800.3, Diff: 0.9]
   [Code Root Fixup: 0.0 ms]
   [Code Root Purge: 0.0 ms]
   [String Dedup Fixup: 4.9 ms, GC Workers: 6]
      [Queue Fixup (ms): Min: 0.0, Avg: 0.0, Max: 0.0, Diff: 0.0, Sum: 0.0]
      [Table Fixup (ms): Min: 0.0, Avg: 0.1, Max: 0.5, Diff: 0.5, Sum: 0.5]
   [Clear CT: 0.4 ms]
   [Other: 173.4 ms]
      [Choose CSet: 0.0 ms]
      [Ref Proc: 171.7 ms]
      [Ref Enq: 0.1 ms]
      [Redirty Cards: 1.2 ms]
      [Humongous Register: 0.0 ms]
      [Humongous Reclaim: 0.0 ms]
      [Free CSet: 0.0 ms]
   [Eden: 140.0M(140.0M)->0.0B(1024.0K) Survivors: 2048.0K->18432.0K Heap: 164.8M(237.0M)->42496.0K(241.0M)]
 [Times: user=0.06 sys=0.01, real=0.23 secs] 
2023-12-21T17:09:50.236+0300: 27.987: [GC pause (G1 Evacuation Pause) (young)
Desired survivor size 1572864 bytes, new threshold 1 (max 15)
- age   1:    2276568 bytes,    2276568 total
- age   2:       3528 bytes,    2280096 total
, 0.1678383 secs]
   [Parallel Time: 143.2 ms, GC Workers: 6]
      [GC Worker Start (ms): Min: 27987.4, Avg: 28002.1, Max: 28021.7, Diff: 34.3]
      [Ext Root Scanning (ms): Min: 0.0, Avg: 0.2, Max: 0.8, Diff: 0.8, Sum: 1.2]
      [Update RS (ms): Min: 0.0, Avg: 0.1, Max: 0.4, Diff: 0.4, Sum: 0.6]
         [Processed Buffers: Min: 0, Avg: 1.5, Max: 5, Diff: 5, Sum: 9]
      [Scan RS (ms): Min: 0.0, Avg: 0.0, Max: 0.0, Diff: 0.0, Sum: 0.0]
      [Code Root Scanning (ms): Min: 0.0, Avg: 0.0, Max: 0.0, Diff: 0.0, Sum: 0.0]
      [Object Copy (ms): Min: 0.0, Avg: 22.4, Max: 87.9, Diff: 87.9, Sum: 134.2]
      [Termination (ms): Min: 0.0, Avg: 59.1, Max: 111.9, Diff: 111.9, Sum: 354.8]
         [Termination Attempts: Min: 1, Avg: 5.5, Max: 19, Diff: 18, Sum: 33]
      [GC Worker Other (ms): Min: 0.0, Avg: 0.0, Max: 0.0, Diff: 0.0, Sum: 0.0]
      [GC Worker Total (ms): Min: 55.1, Avg: 81.8, Max: 132.0, Diff: 76.9, Sum: 490.9]
      [GC Worker End (ms): Min: 28076.7, Avg: 28083.9, Max: 28119.4, Diff: 42.7]
   [Code Root Fixup: 0.0 ms]
   [Code Root Purge: 0.0 ms]
   [String Dedup Fixup: 12.7 ms, GC Workers: 6]
      [Queue Fixup (ms): Min: 0.0, Avg: 0.0, Max: 0.0, Diff: 0.0, Sum: 0.0]
      [Table Fixup (ms): Min: 0.0, Avg: 0.1, Max: 0.4, Diff: 0.4, Sum: 0.7]
   [Clear CT: 0.9 ms]
   [Other: 11.0 ms]
      [Choose CSet: 0.0 ms]
      [Ref Proc: 9.9 ms]
      [Ref Enq: 0.0 ms]
      [Redirty Cards: 0.9 ms]
      [Humongous Register: 0.0 ms]
      [Humongous Reclaim: 0.0 ms]
      [Free CSet: 0.0 ms]
   [Eden: 1024.0K(1024.0K)->0.0B(145.0M) Survivors: 18432.0K->1024.0K Heap: 43520.0K(241.0M)->42446.5K(244.0M)]
 [Times: user=0.07 sys=0.01, real=0.17 secs] 
2023-12-21T17:09:50.405+0300: 28.156: [GC concurrent-string-deduplication, 462.5K->35768.0B(427.6K), avg 35.9%, 0.0006852 secs]
2023-12-21T17:09:50.832+0300: 28.583: [GC pause (G1 Evacuation Pause) (young)
Desired survivor size 9961472 bytes, new threshold 15 (max 15)
- age   1:      15096 bytes,      15096 total
, 0.2606278 secs]
   [Parallel Time: 62.5 ms, GC Workers: 6]
      [GC Worker Start (ms): Min: 28582.8, Avg: 28588.6, Max: 28592.4, Diff: 9.6]
      [Ext Root Scanning (ms): Min: 0.0, Avg: 0.2, Max: 0.7, Diff: 0.7, Sum: 1.2]
      [Update RS (ms): Min: 0.0, Avg: 0.2, Max: 0.6, Diff: 0.6, Sum: 1.2]
         [Processed Buffers: Min: 0, Avg: 3.3, Max: 10, Diff: 10, Sum: 20]
      [Scan RS (ms): Min: 0.0, Avg: 0.0, Max: 0.0, Diff: 0.0, Sum: 0.1]
      [Code Root Scanning (ms): Min: 0.0, Avg: 0.0, Max: 0.0, Diff: 0.0, Sum: 0.0]
      [Object Copy (ms): Min: 0.0, Avg: 1.0, Max: 3.1, Diff: 3.1, Sum: 6.2]
      [Termination (ms): Min: 0.0, Avg: 5.1, Max: 17.5, Diff: 17.5, Sum: 30.6]
         [Termination Attempts: Min: 1, Avg: 1.5, Max: 4, Diff: 3, Sum: 9]
      [GC Worker Other (ms): Min: 0.0, Avg: 0.0, Max: 0.0, Diff: 0.0, Sum: 0.0]
      [GC Worker Total (ms): Min: 0.0, Avg: 6.6, Max: 22.0, Diff: 21.9, Sum: 39.3]
      [GC Worker End (ms): Min: 28592.5, Avg: 28595.1, Max: 28604.8, Diff: 12.3]
   [Code Root Fixup: 0.0 ms]
   [Code Root Purge: 0.0 ms]
   [String Dedup Fixup: 88.5 ms, GC Workers: 6]
      [Queue Fixup (ms): Min: 0.0, Avg: 0.0, Max: 0.0, Diff: 0.0, Sum: 0.0]
      [Table Fixup (ms): Min: 0.0, Avg: 0.1, Max: 0.3, Diff: 0.3, Sum: 0.5]
   [Clear CT: 14.0 ms]
   [Other: 95.7 ms]
      [Choose CSet: 0.0 ms]
      [Ref Proc: 79.1 ms]
      [Ref Enq: 0.4 ms]
      [Redirty Cards: 16.0 ms]
      [Humongous Register: 0.0 ms]
      [Humongous Reclaim: 0.0 ms]
      [Free CSet: 0.0 ms]
   [Eden: 145.0M(145.0M)->0.0B(1024.0K) Survivors: 1024.0K->19456.0K Heap: 186.5M(244.0M)->60366.5K(247.0M)]
 [Times: user=0.05 sys=0.00, real=0.26 secs] 
2023-12-21T17:09:51.141+0300: 28.892: [GC pause (G1 Evacuation Pause) (young)
Desired survivor size 1572864 bytes, new threshold 1 (max 15)
- age   1:    2254472 bytes,    2254472 total
- age   2:        312 bytes,    2254784 total
, 0.0908328 secs]
   [Parallel Time: 11.8 ms, GC Workers: 6]
      [GC Worker Start (ms): Min: 28892.7, Avg: 28897.8, Max: 28901.2, Diff: 8.6]
      [Ext Root Scanning (ms): Min: 0.0, Avg: 0.2, Max: 1.1, Diff: 1.1, Sum: 1.1]
      [Update RS (ms): Min: 0.0, Avg: 0.0, Max: 0.1, Diff: 0.1, Sum: 0.1]
         [Processed Buffers: Min: 0, Avg: 0.7, Max: 4, Diff: 4, Sum: 4]
      [Scan RS (ms): Min: 0.0, Avg: 0.0, Max: 0.0, Diff: 0.0, Sum: 0.0]
      [Code Root Scanning (ms): Min: 0.0, Avg: 0.0, Max: 0.0, Diff: 0.0, Sum: 0.0]
      [Object Copy (ms): Min: 0.0, Avg: 0.1, Max: 0.6, Diff: 0.6, Sum: 0.6]
      [Termination (ms): Min: 0.0, Avg: 3.4, Max: 7.2, Diff: 7.2, Sum: 20.4]
         [Termination Attempts: Min: 1, Avg: 1.0, Max: 1, Diff: 0, Sum: 6]
      [GC Worker Other (ms): Min: 0.0, Avg: 0.0, Max: 0.0, Diff: 0.0, Sum: 0.0]
      [GC Worker Total (ms): Min: 0.0, Avg: 3.7, Max: 8.6, Diff: 8.6, Sum: 22.3]
      [GC Worker End (ms): Min: 28901.3, Avg: 28901.5, Max: 28902.5, Diff: 1.3]
   [Code Root Fixup: 0.0 ms]
   [Code Root Purge: 0.0 ms]
   [String Dedup Fixup: 10.6 ms, GC Workers: 6]
      [Queue Fixup (ms): Min: 0.0, Avg: 0.0, Max: 0.0, Diff: 0.0, Sum: 0.0]
      [Table Fixup (ms): Min: 0.0, Avg: 0.1, Max: 0.7, Diff: 0.7, Sum: 0.7]
   [Clear CT: 1.3 ms]
   [Other: 67.0 ms]
      [Choose CSet: 0.0 ms]
      [Ref Proc: 64.7 ms]
      [Ref Enq: 0.0 ms]
      [Redirty Cards: 2.2 ms]
      [Humongous Register: 0.0 ms]
      [Humongous Reclaim: 0.0 ms]
      [Free CSet: 0.0 ms]
   [Eden: 1024.0K(1024.0K)->0.0B(148.0M) Survivors: 19456.0K->1024.0K Heap: 61390.5K(247.0M)->43509.0K(249.0M)]
 [Times: user=0.03 sys=0.00, real=0.09 secs] 
2023-12-21T17:09:51.233+0300: 28.984: [GC concurrent-string-deduplication, 430.0K->352.0B(429.7K), avg 43.5%, 0.0004906 secs]
2023-12-21T17:09:52.262+0300: 30.012: [GC pause (G1 Evacuation Pause) (young)
Desired survivor size 9961472 bytes, new threshold 15 (max 15)
- age   1:      13048 bytes,      13048 total
, 0.2013736 secs]
   [Parallel Time: 44.2 ms, GC Workers: 6]
      [GC Worker Start (ms): Min: 30012.6, Avg: 30017.0, Max: 30021.1, Diff: 8.5]
      [Ext Root Scanning (ms): Min: 0.0, Avg: 0.3, Max: 0.8, Diff: 0.8, Sum: 1.5]
      [Update RS (ms): Min: 0.0, Avg: 0.3, Max: 0.9, Diff: 0.9, Sum: 1.7]
         [Processed Buffers: Min: 0, Avg: 2.0, Max: 6, Diff: 6, Sum: 12]
      [Scan RS (ms): Min: 0.0, Avg: 0.0, Max: 0.0, Diff: 0.0, Sum: 0.1]
      [Code Root Scanning (ms): Min: 0.0, Avg: 0.0, Max: 0.0, Diff: 0.0, Sum: 0.1]
      [Object Copy (ms): Min: 0.0, Avg: 2.0, Max: 4.3, Diff: 4.3, Sum: 11.8]
      [Termination (ms): Min: 0.0, Avg: 9.9, Max: 28.3, Diff: 28.3, Sum: 59.4]
         [Termination Attempts: Min: 1, Avg: 4.5, Max: 12, Diff: 11, Sum: 27]
      [GC Worker Other (ms): Min: 0.0, Avg: 0.0, Max: 0.0, Diff: 0.0, Sum: 0.0]
      [GC Worker Total (ms): Min: 0.0, Avg: 12.4, Max: 34.3, Diff: 34.3, Sum: 74.6]
      [GC Worker End (ms): Min: 30021.1, Avg: 30029.4, Max: 30046.9, Diff: 25.7]
   [Code Root Fixup: 0.0 ms]
   [Code Root Purge: 0.0 ms]
   [String Dedup Fixup: 55.1 ms, GC Workers: 6]
      [Queue Fixup (ms): Min: 0.0, Avg: 0.0, Max: 0.0, Diff: 0.0, Sum: 0.0]
      [Table Fixup (ms): Min: 0.0, Avg: 0.1, Max: 0.3, Diff: 0.3, Sum: 0.7]
   [Clear CT: 12.5 ms]
   [Other: 89.6 ms]
      [Choose CSet: 0.0 ms]
      [Ref Proc: 32.0 ms]
      [Ref Enq: 0.2 ms]
      [Redirty Cards: 57.2 ms]
      [Humongous Register: 0.0 ms]
      [Humongous Reclaim: 0.0 ms]
      [Free CSet: 0.1 ms]
   [Eden: 148.0M(148.0M)->0.0B(135.0M) Survivors: 1024.0K->15360.0K Heap: 190.5M(249.0M)->57845.0K(251.0M)]
 [Times: user=0.03 sys=0.01, real=0.21 secs] 
2023-12-21T17:09:53.685+0300: 31.436: [GC pause (G1 Evacuation Pause) (young)
Desired survivor size 9961472 bytes, new threshold 15 (max 15)
- age   1:    2625264 bytes,    2625264 total
- age   2:        256 bytes,    2625520 total
, 0.1314643 secs]
   [Parallel Time: 54.4 ms, GC Workers: 6]
      [GC Worker Start (ms): Min: 31449.8, Avg: 31467.1, Max: 31478.8, Diff: 29.0]
      [Ext Root Scanning (ms): Min: 0.0, Avg: 0.3, Max: 1.6, Diff: 1.6, Sum: 1.6]
      [Update RS (ms): Min: 0.0, Avg: 0.2, Max: 1.3, Diff: 1.3, Sum: 1.3]
         [Processed Buffers: Min: 0, Avg: 1.8, Max: 11, Diff: 11, Sum: 11]
      [Scan RS (ms): Min: 0.0, Avg: 0.0, Max: 0.0, Diff: 0.0, Sum: 0.1]
      [Code Root Scanning (ms): Min: 0.0, Avg: 0.0, Max: 0.1, Diff: 0.1, Sum: 0.1]
      [Object Copy (ms): Min: 0.0, Avg: 3.2, Max: 16.8, Diff: 16.8, Sum: 19.4]
      [Termination (ms): Min: 0.0, Avg: 9.8, Max: 13.7, Diff: 13.7, Sum: 58.8]
         [Termination Attempts: Min: 1, Avg: 2.0, Max: 7, Diff: 6, Sum: 12]
      [GC Worker Other (ms): Min: 0.0, Avg: 0.0, Max: 0.0, Diff: 0.0, Sum: 0.0]
      [GC Worker Total (ms): Min: 0.0, Avg: 13.6, Max: 29.0, Diff: 29.0, Sum: 81.4]
      [GC Worker End (ms): Min: 31478.8, Avg: 31480.7, Max: 31481.7, Diff: 2.9]
   [Code Root Fixup: 0.0 ms]
   [Code Root Purge: 0.0 ms]
   [String Dedup Fixup: 14.7 ms, GC Workers: 6]
      [Queue Fixup (ms): Min: 0.0, Avg: 0.0, Max: 0.0, Diff: 0.0, Sum: 0.0]
      [Table Fixup (ms): Min: 0.0, Avg: 0.1, Max: 0.7, Diff: 0.7, Sum: 0.8]
   [Clear CT: 14.8 ms]
   [Other: 47.5 ms]
      [Choose CSet: 0.0 ms]
      [Ref Proc: 42.2 ms]
      [Ref Enq: 0.1 ms]
      [Redirty Cards: 5.1 ms]
      [Humongous Register: 0.0 ms]
      [Humongous Reclaim: 0.0 ms]
      [Free CSet: 0.0 ms]
   [Eden: 135.0M(135.0M)->0.0B(141.0M) Survivors: 15360.0K->10240.0K Heap: 191.5M(251.0M)->52725.0K(252.0M)]
 [Times: user=0.03 sys=0.01, real=0.31 secs] 
2023-12-21T17:09:53.826+0300: 31.577: [GC concurrent-string-deduplication, 192.0B->0.0B(192.0B), avg 43.5%, 0.0000050 secs]
2023-12-21T17:09:54.279+0300: 32.030: [GC pause (Metadata GC Threshold) (young) (initial-mark)
Desired survivor size 9961472 bytes, new threshold 15 (max 15)
- age   1:    2139600 bytes,    2139600 total
- age   2:    1333160 bytes,    3472760 total
- age   3:        256 bytes,    3473016 total
, 0.1390058 secs]
   [Parallel Time: 73.5 ms, GC Workers: 6]
      [GC Worker Start (ms): Min: 32031.1, Avg: 32036.6, Max: 32039.7, Diff: 8.6]
      [Ext Root Scanning (ms): Min: 0.2, Avg: 19.8, Max: 40.1, Diff: 40.0, Sum: 118.8]
      [Update RS (ms): Min: 0.0, Avg: 0.3, Max: 0.7, Diff: 0.7, Sum: 1.9]
         [Processed Buffers: Min: 0, Avg: 1.8, Max: 4, Diff: 4, Sum: 11]
      [Scan RS (ms): Min: 0.0, Avg: 0.0, Max: 0.0, Diff: 0.0, Sum: 0.0]
      [Code Root Scanning (ms): Min: 0.0, Avg: 0.0, Max: 0.2, Diff: 0.2, Sum: 0.2]
      [Object Copy (ms): Min: 0.0, Avg: 0.9, Max: 1.5, Diff: 1.5, Sum: 5.4]
      [Termination (ms): Min: 0.0, Avg: 20.1, Max: 30.1, Diff: 30.1, Sum: 120.3]
         [Termination Attempts: Min: 1, Avg: 1.0, Max: 1, Diff: 0, Sum: 6]
      [GC Worker Other (ms): Min: 0.0, Avg: 3.6, Max: 21.3, Diff: 21.3, Sum: 21.3]
      [GC Worker Total (ms): Min: 40.2, Avg: 44.6, Max: 50.4, Diff: 10.3, Sum: 267.9]
      [GC Worker End (ms): Min: 32079.8, Avg: 32081.3, Max: 32084.8, Diff: 4.9]
   [Code Root Fixup: 0.0 ms]
   [Code Root Purge: 0.0 ms]
   [String Dedup Fixup: 22.4 ms, GC Workers: 6]
      [Queue Fixup (ms): Min: 0.0, Avg: 0.0, Max: 0.0, Diff: 0.0, Sum: 0.0]
      [Table Fixup (ms): Min: 0.0, Avg: 0.1, Max: 0.5, Diff: 0.5, Sum: 0.5]
   [Clear CT: 8.1 ms]
   [Other: 35.0 ms]
      [Choose CSet: 0.0 ms]
      [Ref Proc: 28.5 ms]
      [Ref Enq: 0.0 ms]
      [Redirty Cards: 6.2 ms]
      [Humongous Register: 0.0 ms]
      [Humongous Reclaim: 0.0 ms]
      [Free CSet: 0.0 ms]
   [Eden: 44032.0K(141.0M)->0.0B(145.0M) Survivors: 10240.0K->6144.0K Heap: 96247.0K(252.0M)->48629.0K(253.0M)]
 [Times: user=0.09 sys=0.00, real=0.14 secs] 
2023-12-21T17:09:54.418+0300: 32.169: [GC concurrent-root-region-scan-start]
2023-12-21T17:09:54.420+0300: 32.171: [GC concurrent-string-deduplication, 628.7K->94288.0B(536.6K), avg 49.8%, 0.0014070 secs]
2023-12-21T17:09:54.424+0300: 32.175: [GC concurrent-root-region-scan-end, 0.0051820 secs]
2023-12-21T17:09:54.424+0300: 32.175: [GC concurrent-mark-start]
2023-12-21T17:09:54.561+0300: 32.312: [GC concurrent-mark-end, 0.1371011 secs]
2023-12-21T17:09:54.596+0300: 32.347: [GC remark 2023-12-21T17:09:54.596+0300: 32.347: [Finalize Marking, 0.0499967 secs] 2023-12-21T17:09:54.646+0300: 32.397: [GC ref-proc, 0.0001512 secs] 2023-12-21T17:09:54.646+0300: 32.397: [Unloading, 0.0794678 secs], 0.1305930 secs]
 [Times: user=0.06 sys=0.00, real=0.14 secs] 
2023-12-21T17:09:54.727+0300: 32.478: [GC cleanup 55286K->46070K(253M), 0.1091599 secs]
 [Times: user=0.00 sys=0.00, real=0.11 secs] 
2023-12-21T17:09:54.836+0300: 32.587: [GC concurrent-cleanup-start]
2023-12-21T17:09:54.836+0300: 32.587: [GC concurrent-cleanup-end, 0.0000153 secs]
2023-12-21T17:09:55.937+0300: 33.688: [GC pause (G1 Evacuation Pause) (young)
Desired survivor size 9961472 bytes, new threshold 15 (max 15)
- age   1:     782400 bytes,     782400 total
- age   2:    1366808 bytes,    2149208 total
- age   3:    1330480 bytes,    3479688 total
- age   4:         64 bytes,    3479752 total
, 0.2089486 secs]
   [Parallel Time: 40.7 ms, GC Workers: 6]
      [GC Worker Start (ms): Min: 33687.7, Avg: 33710.9, Max: 33722.8, Diff: 35.1]
      [Ext Root Scanning (ms): Min: 0.0, Avg: 0.5, Max: 1.6, Diff: 1.6, Sum: 3.0]
      [Update RS (ms): Min: 0.0, Avg: 0.4, Max: 1.2, Diff: 1.2, Sum: 2.3]
         [Processed Buffers: Min: 0, Avg: 3.3, Max: 15, Diff: 15, Sum: 20]
      [Scan RS (ms): Min: 0.0, Avg: 0.0, Max: 0.0, Diff: 0.0, Sum: 0.1]
      [Code Root Scanning (ms): Min: 0.0, Avg: 0.0, Max: 0.2, Diff: 0.2, Sum: 0.2]
      [Object Copy (ms): Min: 0.0, Avg: 1.1, Max: 3.3, Diff: 3.3, Sum: 6.6]
      [Termination (ms): Min: 0.0, Avg: 9.9, Max: 29.1, Diff: 29.1, Sum: 59.5]
         [Termination Attempts: Min: 1, Avg: 1.3, Max: 3, Diff: 2, Sum: 8]
      [GC Worker Other (ms): Min: 0.0, Avg: 0.0, Max: 0.0, Diff: 0.0, Sum: 0.0]
      [GC Worker Total (ms): Min: 0.0, Avg: 12.0, Max: 35.2, Diff: 35.2, Sum: 71.7]
      [GC Worker End (ms): Min: 33722.8, Avg: 33722.9, Max: 33722.9, Diff: 0.1]
   [Code Root Fixup: 0.0 ms]
   [Code Root Purge: 0.0 ms]
   [String Dedup Fixup: 44.7 ms, GC Workers: 6]
      [Queue Fixup (ms): Min: 0.0, Avg: 0.0, Max: 0.0, Diff: 0.0, Sum: 0.0]
      [Table Fixup (ms): Min: 0.0, Avg: 0.1, Max: 0.8, Diff: 0.8, Sum: 0.8]
   [Clear CT: 37.0 ms]
   [Other: 86.6 ms]
      [Choose CSet: 0.0 ms]
      [Ref Proc: 75.1 ms]
      [Ref Enq: 0.1 ms]
      [Redirty Cards: 11.1 ms]
      [Humongous Register: 0.0 ms]
      [Humongous Reclaim: 0.0 ms]
      [Free CSet: 0.1 ms]
   [Eden: 145.0M(145.0M)->0.0B(3072.0K) Survivors: 6144.0K->9216.0K Heap: 183.5M(253.0M)->41973.0K(254.0M)]
 [Times: user=0.04 sys=0.00, real=0.20 secs] 
2023-12-21T17:09:56.147+0300: 33.897: [GC concurrent-string-deduplication, 373.5K->180.0K(193.6K), avg 49.9%, 0.0006420 secs]
2023-12-21T17:09:56.155+0300: 33.906: [GC pause (G1 Evacuation Pause) (mixed)
Desired survivor size 1048576 bytes, new threshold 1 (max 15)
- age   1:    1999088 bytes,    1999088 total
- age   2:     508688 bytes,    2507776 total
- age   3:    1247784 bytes,    3755560 total
- age   4:     557672 bytes,    4313232 total
, 0.0594935 secs]
   [Parallel Time: 33.5 ms, GC Workers: 6]
      [GC Worker Start (ms): Min: 33908.8, Avg: 33914.8, Max: 33922.1, Diff: 13.3]
      [Ext Root Scanning (ms): Min: 0.0, Avg: 0.3, Max: 1.2, Diff: 1.2, Sum: 2.1]
      [Update RS (ms): Min: 0.0, Avg: 0.3, Max: 0.7, Diff: 0.7, Sum: 1.9]
         [Processed Buffers: Min: 0, Avg: 2.2, Max: 6, Diff: 6, Sum: 13]
      [Scan RS (ms): Min: 0.0, Avg: 0.0, Max: 0.0, Diff: 0.0, Sum: 0.0]
      [Code Root Scanning (ms): Min: 0.0, Avg: 0.0, Max: 0.2, Diff: 0.2, Sum: 0.2]
      [Object Copy (ms): Min: 0.0, Avg: 1.2, Max: 2.5, Diff: 2.5, Sum: 7.4]
      [Termination (ms): Min: 0.0, Avg: 5.7, Max: 10.7, Diff: 10.7, Sum: 34.3]
         [Termination Attempts: Min: 1, Avg: 1.3, Max: 2, Diff: 1, Sum: 8]
      [GC Worker Other (ms): Min: 0.0, Avg: 0.0, Max: 0.0, Diff: 0.0, Sum: 0.0]
      [GC Worker Total (ms): Min: 0.0, Avg: 7.7, Max: 14.4, Diff: 14.4, Sum: 46.0]
      [GC Worker End (ms): Min: 33922.1, Avg: 33922.5, Max: 33923.8, Diff: 1.7]
   [Code Root Fixup: 0.0 ms]
   [Code Root Purge: 0.0 ms]
   [String Dedup Fixup: 12.8 ms, GC Workers: 6]
      [Queue Fixup (ms): Min: 0.0, Avg: 0.0, Max: 0.0, Diff: 0.0, Sum: 0.0]
      [Table Fixup (ms): Min: 0.0, Avg: 0.1, Max: 0.4, Diff: 0.4, Sum: 0.8]
   [Clear CT: 0.8 ms]
   [Other: 12.3 ms]
      [Choose CSet: 0.0 ms]
      [Ref Proc: 4.8 ms]
      [Ref Enq: 0.0 ms]
      [Redirty Cards: 7.2 ms]
      [Humongous Register: 0.0 ms]
      [Humongous Reclaim: 0.0 ms]
      [Free CSet: 0.0 ms]
   [Eden: 3072.0K(3072.0K)->0.0B(151.0M) Survivors: 9216.0K->2048.0K Heap: 45045.0K(254.0M)->28722.5K(255.0M)]
 [Times: user=0.02 sys=0.01, real=0.06 secs] 
2023-12-21T17:09:56.221+0300: 33.972: [GC concurrent-string-deduplication, 321.1K->215.5K(105.6K), avg 48.8%, 0.0007055 secs]
2023-12-21T17:09:57.792+0300: 35.543: [GC pause (G1 Evacuation Pause) (young)
Desired survivor size 10485760 bytes, new threshold 15 (max 15)
- age   1:      14584 bytes,      14584 total
, 0.3258543 secs]
   [Parallel Time: 286.4 ms, GC Workers: 6]
      [GC Worker Start (ms): Min: 35542.7, Avg: 35562.2, Max: 35573.1, Diff: 30.4]
      [Ext Root Scanning (ms): Min: 0.0, Avg: 0.3, Max: 1.5, Diff: 1.5, Sum: 1.5]
      [Update RS (ms): Min: 0.0, Avg: 0.6, Max: 3.6, Diff: 3.6, Sum: 3.6]
         [Processed Buffers: Min: 0, Avg: 4.2, Max: 25, Diff: 25, Sum: 25]
      [Scan RS (ms): Min: 0.0, Avg: 0.0, Max: 0.1, Diff: 0.1, Sum: 0.1]
      [Code Root Scanning (ms): Min: 0.0, Avg: 0.0, Max: 0.1, Diff: 0.1, Sum: 0.1]
      [Object Copy (ms): Min: 0.0, Avg: 8.9, Max: 43.9, Diff: 43.9, Sum: 53.7]
      [Termination (ms): Min: 0.0, Avg: 21.9, Max: 29.4, Diff: 29.4, Sum: 131.7]
         [Termination Attempts: Min: 1, Avg: 4.8, Max: 16, Diff: 15, Sum: 29]
      [GC Worker Other (ms): Min: 0.0, Avg: 0.0, Max: 0.1, Diff: 0.1, Sum: 0.2]
      [GC Worker Total (ms): Min: 23.2, Avg: 31.8, Max: 49.2, Diff: 26.1, Sum: 190.9]
      [GC Worker End (ms): Min: 35591.9, Avg: 35594.0, Max: 35596.3, Diff: 4.3]
   [Code Root Fixup: 0.0 ms]
   [Code Root Purge: 0.0 ms]
   [String Dedup Fixup: 10.6 ms, GC Workers: 6]
      [Queue Fixup (ms): Min: 0.0, Avg: 0.0, Max: 0.0, Diff: 0.0, Sum: 0.0]
      [Table Fixup (ms): Min: 0.0, Avg: 0.1, Max: 0.8, Diff: 0.8, Sum: 0.8]
   [Clear CT: 3.3 ms]
   [Other: 25.6 ms]
      [Choose CSet: 0.0 ms]
      [Ref Proc: 24.4 ms]
      [Ref Enq: 0.0 ms]
      [Redirty Cards: 0.9 ms]
      [Humongous Register: 0.0 ms]
      [Humongous Reclaim: 0.0 ms]
      [Free CSet: 0.1 ms]
   [Eden: 151.0M(151.0M)->0.0B(5120.0K) Survivors: 2048.0K->7168.0K Heap: 179.0M(255.0M)->33120.9K(256.0M)]
 [Times: user=0.11 sys=0.01, real=0.32 secs] 
2023-12-21T17:09:58.192+0300: 35.943: [GC pause (G1 Evacuation Pause) (young)
Desired survivor size 1048576 bytes, new threshold 1 (max 15)
- age   1:    2307000 bytes,    2307000 total
- age   2:       7352 bytes,    2314352 total
, 0.1359783 secs]
   [Parallel Time: 61.3 ms, GC Workers: 6]
      [GC Worker Start (ms): Min: 35943.2, Avg: 35958.7, Max: 35979.8, Diff: 36.6]
      [Ext Root Scanning (ms): Min: 0.0, Avg: 0.2, Max: 1.3, Diff: 1.3, Sum: 1.5]
      [Update RS (ms): Min: 0.0, Avg: 0.3, Max: 0.9, Diff: 0.9, Sum: 1.9]
         [Processed Buffers: Min: 0, Avg: 1.7, Max: 6, Diff: 6, Sum: 10]
      [Scan RS (ms): Min: 0.0, Avg: 0.0, Max: 0.0, Diff: 0.0, Sum: 0.0]
      [Code Root Scanning (ms): Min: 0.0, Avg: 0.0, Max: 0.1, Diff: 0.1, Sum: 0.1]
      [Object Copy (ms): Min: 0.0, Avg: 0.6, Max: 2.0, Diff: 2.0, Sum: 3.8]
      [Termination (ms): Min: 0.0, Avg: 21.8, Max: 36.1, Diff: 36.1, Sum: 130.7]
         [Termination Attempts: Min: 1, Avg: 1.3, Max: 3, Diff: 2, Sum: 8]
      [GC Worker Other (ms): Min: 0.0, Avg: 0.0, Max: 0.0, Diff: 0.0, Sum: 0.0]
      [GC Worker Total (ms): Min: 0.0, Avg: 23.0, Max: 40.3, Diff: 40.3, Sum: 138.0]
      [GC Worker End (ms): Min: 35979.8, Avg: 35981.7, Max: 35983.5, Diff: 3.7]
   [Code Root Fixup: 0.0 ms]
   [Code Root Purge: 0.0 ms]
   [String Dedup Fixup: 14.0 ms, GC Workers: 6]
      [Queue Fixup (ms): Min: 0.0, Avg: 0.0, Max: 0.0, Diff: 0.0, Sum: 0.0]
      [Table Fixup (ms): Min: 0.0, Avg: 0.1, Max: 0.7, Diff: 0.7, Sum: 0.7]
   [Clear CT: 3.9 ms]
   [Other: 56.7 ms]
      [Choose CSet: 0.0 ms]
      [Ref Proc: 35.7 ms]
      [Ref Enq: 0.0 ms]
      [Redirty Cards: 20.9 ms]
      [Humongous Register: 0.0 ms]
      [Humongous Reclaim: 0.0 ms]
      [Free CSet: 0.0 ms]
   [Eden: 5120.0K(5120.0K)->0.0B(151.0M) Survivors: 7168.0K->2048.0K Heap: 38240.9K(256.0M)->30532.0K(256.0M)]
 [Times: user=0.05 sys=0.01, real=0.17 secs] 
2023-12-21T17:09:58.330+0300: 36.081: [GC concurrent-string-deduplication, 228.8K->165.8K(64544.0B), avg 47.9%, 0.0017379 secs]
2023-12-21T17:10:01.854+0300: 39.605: [GC pause (G1 Evacuation Pause) (young)
Desired survivor size 10485760 bytes, new threshold 15 (max 15)
- age   1:      39280 bytes,      39280 total
, 0.1003688 secs]
   [Parallel Time: 43.5 ms, GC Workers: 6]
      [GC Worker Start (ms): Min: 39610.0, Avg: 39625.8, Max: 39640.2, Diff: 30.2]
      [Ext Root Scanning (ms): Min: 0.0, Avg: 0.6, Max: 3.3, Diff: 3.3, Sum: 3.4]
      [Update RS (ms): Min: 0.0, Avg: 3.8, Max: 22.9, Diff: 22.9, Sum: 22.9]
         [Processed Buffers: Min: 0, Avg: 3.7, Max: 22, Diff: 22, Sum: 22]
      [Scan RS (ms): Min: 0.0, Avg: 0.1, Max: 0.5, Diff: 0.5, Sum: 0.5]
      [Code Root Scanning (ms): Min: 0.0, Avg: 0.0, Max: 0.1, Diff: 0.1, Sum: 0.1]
      [Object Copy (ms): Min: 0.0, Avg: 1.0, Max: 3.6, Diff: 3.6, Sum: 6.1]
      [Termination (ms): Min: 0.0, Avg: 10.2, Max: 16.5, Diff: 16.5, Sum: 61.1]
         [Termination Attempts: Min: 1, Avg: 3.2, Max: 10, Diff: 9, Sum: 19]
      [GC Worker Other (ms): Min: 0.0, Avg: 0.0, Max: 0.1, Diff: 0.0, Sum: 0.1]
      [GC Worker Total (ms): Min: 0.0, Avg: 15.7, Max: 38.2, Diff: 38.2, Sum: 94.2]
      [GC Worker End (ms): Min: 39640.2, Avg: 39641.6, Max: 39648.2, Diff: 8.0]
   [Code Root Fixup: 0.0 ms]
   [Code Root Purge: 0.0 ms]
   [String Dedup Fixup: 7.9 ms, GC Workers: 6]
      [Queue Fixup (ms): Min: 0.0, Avg: 0.0, Max: 0.0, Diff: 0.0, Sum: 0.0]
      [Table Fixup (ms): Min: 0.0, Avg: 0.2, Max: 1.3, Diff: 1.3, Sum: 1.4]
   [Clear CT: 6.1 ms]
   [Other: 43.0 ms]
      [Choose CSet: 0.0 ms]
      [Ref Proc: 40.6 ms]
      [Ref Enq: 0.0 ms]
      [Redirty Cards: 2.1 ms]
      [Humongous Register: 0.0 ms]
      [Humongous Reclaim: 0.0 ms]
      [Free CSet: 0.1 ms]
   [Eden: 151.0M(151.0M)->0.0B(148.0M) Survivors: 2048.0K->5120.0K Heap: 180.8M(256.0M)->33264.5K(256.0M)]
 [Times: user=0.03 sys=0.01, real=0.22 secs] 
2023-12-21T17:10:03.471+0300: 41.222: [GC pause (G1 Evacuation Pause) (young)
Desired survivor size 10485760 bytes, new threshold 15 (max 15)
- age   1:    1255152 bytes,    1255152 total
- age   2:      20264 bytes,    1275416 total
, 0.0568225 secs]
   [Parallel Time: 29.0 ms, GC Workers: 6]
      [GC Worker Start (ms): Min: 41222.3, Avg: 41227.0, Max: 41238.9, Diff: 16.6]
      [Ext Root Scanning (ms): Min: 0.1, Avg: 3.0, Max: 16.5, Diff: 16.4, Sum: 18.0]
      [Update RS (ms): Min: 0.0, Avg: 0.4, Max: 0.7, Diff: 0.7, Sum: 2.6]
         [Processed Buffers: Min: 0, Avg: 2.2, Max: 6, Diff: 6, Sum: 13]
      [Scan RS (ms): Min: 0.0, Avg: 0.0, Max: 0.0, Diff: 0.0, Sum: 0.1]
      [Code Root Scanning (ms): Min: 0.0, Avg: 0.0, Max: 0.1, Diff: 0.1, Sum: 0.1]
      [Object Copy (ms): Min: 0.0, Avg: 1.4, Max: 2.1, Diff: 2.1, Sum: 8.1]
      [Termination (ms): Min: 0.0, Avg: 7.3, Max: 11.1, Diff: 11.1, Sum: 43.7]
         [Termination Attempts: Min: 1, Avg: 8.7, Max: 15, Diff: 14, Sum: 52]
      [GC Worker Other (ms): Min: 0.0, Avg: 0.0, Max: 0.0, Diff: 0.0, Sum: 0.0]
      [GC Worker Total (ms): Min: 0.1, Avg: 12.1, Max: 16.7, Diff: 16.6, Sum: 72.7]
      [GC Worker End (ms): Min: 41239.0, Avg: 41239.1, Max: 41239.3, Diff: 0.3]
   [Code Root Fixup: 0.0 ms]
   [Code Root Purge: 0.0 ms]
   [String Dedup Fixup: 7.0 ms, GC Workers: 6]
      [Queue Fixup (ms): Min: 0.0, Avg: 0.0, Max: 0.0, Diff: 0.0, Sum: 0.0]
      [Table Fixup (ms): Min: 0.0, Avg: 0.2, Max: 0.6, Diff: 0.6, Sum: 1.0]
   [Clear CT: 14.4 ms]
   [Other: 6.5 ms]
      [Choose CSet: 0.0 ms]
      [Ref Proc: 3.9 ms]
      [Ref Enq: 0.0 ms]
      [Redirty Cards: 2.4 ms]
      [Humongous Register: 0.0 ms]
      [Humongous Reclaim: 0.0 ms]
      [Free CSet: 0.1 ms]
   [Eden: 148.0M(148.0M)->0.0B(144.0M) Survivors: 5120.0K->9216.0K Heap: 181.5M(256.0M)->37623.4K(256.0M)]
 [Times: user=0.02 sys=0.01, real=0.05 secs] 
2023-12-21T17:10:03.528+0300: 41.279: [GC concurrent-string-deduplication, 4944.0B->4408.0B(536.0B), avg 47.8%, 0.0000996 secs]
2023-12-21T17:10:04.849+0300: 42.600: [GC pause (Metadata GC Threshold) (young) (initial-mark)
Desired survivor size 10485760 bytes, new threshold 15 (max 15)
- age   1:    2998400 bytes,    2998400 total
- age   2:    1007176 bytes,    4005576 total
- age   3:      20160 bytes,    4025736 total
, 0.1921347 secs]
   [Parallel Time: 34.7 ms, GC Workers: 6]
      [GC Worker Start (ms): Min: 42600.5, Avg: 42606.0, Max: 42608.9, Diff: 8.4]
      [Ext Root Scanning (ms): Min: 0.3, Avg: 5.9, Max: 8.9, Diff: 8.6, Sum: 35.7]
      [Update RS (ms): Min: 0.0, Avg: 0.6, Max: 1.5, Diff: 1.5, Sum: 3.4]
         [Processed Buffers: Min: 0, Avg: 3.0, Max: 8, Diff: 8, Sum: 18]
      [Scan RS (ms): Min: 0.0, Avg: 0.0, Max: 0.0, Diff: 0.0, Sum: 0.1]
      [Code Root Scanning (ms): Min: 0.0, Avg: 0.1, Max: 0.2, Diff: 0.2, Sum: 0.4]
      [Object Copy (ms): Min: 0.0, Avg: 1.4, Max: 3.0, Diff: 3.0, Sum: 8.6]
      [Termination (ms): Min: 0.0, Avg: 3.0, Max: 14.5, Diff: 14.5, Sum: 18.3]
         [Termination Attempts: Min: 1, Avg: 2.3, Max: 6, Diff: 5, Sum: 14]
      [GC Worker Other (ms): Min: 0.0, Avg: 0.0, Max: 0.0, Diff: 0.0, Sum: 0.0]
      [GC Worker Total (ms): Min: 5.8, Avg: 11.1, Max: 19.2, Diff: 13.3, Sum: 66.5]
      [GC Worker End (ms): Min: 42614.7, Avg: 42617.1, Max: 42628.1, Diff: 13.4]
   [Code Root Fixup: 0.0 ms]
   [Code Root Purge: 0.0 ms]
   [String Dedup Fixup: 53.6 ms, GC Workers: 6]
      [Queue Fixup (ms): Min: 0.0, Avg: 0.0, Max: 0.0, Diff: 0.0, Sum: 0.0]
      [Table Fixup (ms): Min: 0.0, Avg: 0.2, Max: 1.2, Diff: 1.2, Sum: 1.2]
   [Clear CT: 55.9 ms]
   [Other: 47.9 ms]
      [Choose CSet: 0.0 ms]
      [Ref Proc: 39.0 ms]
      [Ref Enq: 0.0 ms]
      [Redirty Cards: 8.7 ms]
      [Humongous Register: 0.0 ms]
      [Humongous Reclaim: 0.0 ms]
      [Free CSet: 0.0 ms]
   [Eden: 112.0M(144.0M)->0.0B(144.0M) Survivors: 9216.0K->9216.0K Heap: 148.7M(256.0M)->38212.0K(256.0M)]
 [Times: user=0.01 sys=0.02, real=0.18 secs] 
2023-12-21T17:10:05.042+0300: 42.793: [GC concurrent-root-region-scan-start]
2023-12-21T17:10:05.047+0300: 42.798: [GC concurrent-string-deduplication, 165.6K->117.1K(49640.0B), avg 47.3%, 0.0007933 secs]
2023-12-21T17:10:05.055+0300: 42.806: [GC concurrent-root-region-scan-end, 0.0133306 secs]
2023-12-21T17:10:05.055+0300: 42.806: [GC concurrent-mark-start]
2023-12-21T17:10:05.079+0300: 42.830: [GC concurrent-mark-end, 0.0238289 secs]
2023-12-21T17:10:05.080+0300: 42.831: [GC remark 2023-12-21T17:10:05.080+0300: 42.831: [Finalize Marking, 0.0559556 secs] 2023-12-21T17:10:05.136+0300: 42.887: [GC ref-proc, 0.0002226 secs] 2023-12-21T17:10:05.136+0300: 42.887: [Unloading, 0.0280198 secs], 0.0988983 secs]
 [Times: user=0.03 sys=0.03, real=0.13 secs] 
2023-12-21T17:10:05.191+0300: 42.942: [GC cleanup 42307K->39235K(256M), 0.0344548 secs]
 [Times: user=0.00 sys=0.00, real=0.03 secs] 
2023-12-21T17:10:05.232+0300: 42.983: [GC concurrent-cleanup-start]
2023-12-21T17:10:05.232+0300: 42.983: [GC concurrent-cleanup-end, 0.0000265 secs]
2023-12-21T17:10:05.892+0300: 43.643: [GC pause (G1 Evacuation Pause) (young)
Desired survivor size 10485760 bytes, new threshold 15 (max 15)
- age   1:    2292776 bytes,    2292776 total
- age   2:    2515128 bytes,    4807904 total
- age   3:     965200 bytes,    5773104 total
- age   4:      19584 bytes,    5792688 total
, 0.0499502 secs]
   [Parallel Time: 23.7 ms, GC Workers: 6]
      [GC Worker Start (ms): Min: 43643.4, Avg: 43658.3, Max: 43666.0, Diff: 22.5]
      [Ext Root Scanning (ms): Min: 0.0, Avg: 0.3, Max: 1.2, Diff: 1.2, Sum: 2.0]
      [Update RS (ms): Min: 0.0, Avg: 0.5, Max: 1.5, Diff: 1.5, Sum: 2.9]
         [Processed Buffers: Min: 0, Avg: 3.3, Max: 11, Diff: 11, Sum: 20]
      [Scan RS (ms): Min: 0.0, Avg: 0.0, Max: 0.1, Diff: 0.0, Sum: 0.1]
      [Code Root Scanning (ms): Min: 0.0, Avg: 0.0, Max: 0.2, Diff: 0.2, Sum: 0.2]
      [Object Copy (ms): Min: 0.0, Avg: 1.6, Max: 5.2, Diff: 5.2, Sum: 9.8]
      [Termination (ms): Min: 0.0, Avg: 5.3, Max: 15.3, Diff: 15.3, Sum: 31.6]
         [Termination Attempts: Min: 1, Avg: 1.0, Max: 1, Diff: 0, Sum: 6]
      [GC Worker Other (ms): Min: 0.0, Avg: 0.0, Max: 0.0, Diff: 0.0, Sum: 0.0]
      [GC Worker Total (ms): Min: 0.0, Avg: 7.8, Max: 22.7, Diff: 22.7, Sum: 46.6]
      [GC Worker End (ms): Min: 43666.0, Avg: 43666.1, Max: 43666.2, Diff: 0.2]
   [Code Root Fixup: 0.0 ms]
   [Code Root Purge: 0.0 ms]
   [String Dedup Fixup: 11.7 ms, GC Workers: 6]
      [Queue Fixup (ms): Min: 0.0, Avg: 0.0, Max: 0.0, Diff: 0.0, Sum: 0.0]
      [Table Fixup (ms): Min: 0.0, Avg: 0.2, Max: 0.6, Diff: 0.6, Sum: 1.4]
   [Clear CT: 7.3 ms]
   [Other: 7.3 ms]
      [Choose CSet: 0.0 ms]
      [Ref Proc: 5.4 ms]
      [Ref Enq: 0.0 ms]
      [Redirty Cards: 1.7 ms]
      [Humongous Register: 0.0 ms]
      [Humongous Reclaim: 0.0 ms]
      [Free CSet: 0.1 ms]
   [Eden: 144.0M(144.0M)->0.0B(143.0M) Survivors: 9216.0K->10240.0K Heap: 178.3M(256.0M)->35652.0K(256.0M)]
 [Times: user=0.04 sys=0.00, real=0.05 secs] 
2023-12-21T17:10:05.945+0300: 43.696: [GC concurrent-string-deduplication, 271.4K->208.9K(63968.0B), avg 46.1%, 0.0009233 secs]
2023-12-21T17:10:07.296+0300: 45.047: [GC pause (G1 Evacuation Pause) (young)
Desired survivor size 10485760 bytes, new threshold 15 (max 15)
- age   1:     841784 bytes,     841784 total
- age   2:    2125256 bytes,    2967040 total
- age   3:    2512488 bytes,    5479528 total
- age   4:     898136 bytes,    6377664 total
- age   5:      19488 bytes,    6397152 total
, 0.1570697 secs]
   [Parallel Time: 28.5 ms, GC Workers: 6]
      [GC Worker Start (ms): Min: 45054.4, Avg: 45057.0, Max: 45061.7, Diff: 7.3]
      [Ext Root Scanning (ms): Min: 0.0, Avg: 0.5, Max: 1.4, Diff: 1.4, Sum: 2.9]
      [Update RS (ms): Min: 0.0, Avg: 0.6, Max: 1.1, Diff: 1.1, Sum: 3.6]
         [Processed Buffers: Min: 0, Avg: 3.0, Max: 8, Diff: 8, Sum: 18]
      [Scan RS (ms): Min: 0.0, Avg: 0.0, Max: 0.1, Diff: 0.1, Sum: 0.1]
      [Code Root Scanning (ms): Min: 0.0, Avg: 0.0, Max: 0.2, Diff: 0.2, Sum: 0.2]
      [Object Copy (ms): Min: 0.0, Avg: 3.0, Max: 4.7, Diff: 4.7, Sum: 18.1]
      [Termination (ms): Min: 0.0, Avg: 1.7, Max: 4.0, Diff: 4.0, Sum: 10.1]
         [Termination Attempts: Min: 1, Avg: 1.3, Max: 3, Diff: 2, Sum: 8]
      [GC Worker Other (ms): Min: 0.0, Avg: 0.0, Max: 0.0, Diff: 0.0, Sum: 0.0]
      [GC Worker Total (ms): Min: 0.0, Avg: 5.8, Max: 10.4, Diff: 10.4, Sum: 35.1]
      [GC Worker End (ms): Min: 45061.7, Avg: 45062.8, Max: 45064.9, Diff: 3.2]
   [Code Root Fixup: 0.0 ms]
   [Code Root Purge: 0.0 ms]
   [String Dedup Fixup: 22.5 ms, GC Workers: 6]
      [Queue Fixup (ms): Min: 0.0, Avg: 0.0, Max: 0.0, Diff: 0.0, Sum: 0.0]
      [Table Fixup (ms): Min: 0.0, Avg: 0.5, Max: 2.4, Diff: 2.4, Sum: 3.1]
   [Clear CT: 26.3 ms]
   [Other: 79.7 ms]
      [Choose CSet: 0.0 ms]
      [Ref Proc: 62.7 ms]
      [Ref Enq: 0.0 ms]
      [Redirty Cards: 16.8 ms]
      [Humongous Register: 0.0 ms]
      [Humongous Reclaim: 0.0 ms]
      [Free CSet: 0.1 ms]
   [Eden: 143.0M(143.0M)->0.0B(139.0M) Survivors: 10240.0K->14336.0K Heap: 177.8M(256.0M)->39748.0K(256.0M)]
 [Times: user=0.06 sys=0.01, real=0.16 secs] 
2023-12-21T17:10:07.455+0300: 45.206: [GC concurrent-string-deduplication, 219.5K->139.3K(82096.0B), avg 45.7%, 0.0012075 secs]
2023-12-21T17:10:08.048+0300: 45.799: [GC pause (G1 Evacuation Pause) (young)
Desired survivor size 10485760 bytes, new threshold 15 (max 15)
- age   1:    3542072 bytes,    3542072 total
- age   2:     564672 bytes,    4106744 total
- age   3:    2081896 bytes,    6188640 total
- age   4:    2446896 bytes,    8635536 total
- age   5:     891960 bytes,    9527496 total
- age   6:      19456 bytes,    9546952 total
, 0.1664092 secs]
   [Parallel Time: 114.1 ms, GC Workers: 6]
      [GC Worker Start (ms): Min: 45799.4, Avg: 45800.7, Max: 45802.1, Diff: 2.7]
      [Ext Root Scanning (ms): Min: 0.0, Avg: 0.4, Max: 1.4, Diff: 1.4, Sum: 2.4]
      [Update RS (ms): Min: 0.0, Avg: 0.6, Max: 1.3, Diff: 1.3, Sum: 3.4]
         [Processed Buffers: Min: 0, Avg: 3.0, Max: 8, Diff: 8, Sum: 18]
      [Scan RS (ms): Min: 0.0, Avg: 0.0, Max: 0.0, Diff: 0.0, Sum: 0.1]
      [Code Root Scanning (ms): Min: 0.0, Avg: 2.0, Max: 11.8, Diff: 11.8, Sum: 12.0]
      [Object Copy (ms): Min: 0.0, Avg: 3.5, Max: 4.5, Diff: 4.5, Sum: 20.8]
      [Termination (ms): Min: 0.0, Avg: 26.0, Max: 105.5, Diff: 105.5, Sum: 155.9]
         [Termination Attempts: Min: 1, Avg: 1.2, Max: 2, Diff: 1, Sum: 7]
      [GC Worker Other (ms): Min: 0.0, Avg: 0.0, Max: 0.0, Diff: 0.0, Sum: 0.0]
      [GC Worker Total (ms): Min: 11.6, Avg: 32.4, Max: 111.8, Diff: 100.2, Sum: 194.6]
      [GC Worker End (ms): Min: 45813.4, Avg: 45833.1, Max: 45911.4, Diff: 98.0]
   [Code Root Fixup: 0.0 ms]
   [Code Root Purge: 0.0 ms]
   [String Dedup Fixup: 25.4 ms, GC Workers: 6]
      [Queue Fixup (ms): Min: 0.0, Avg: 0.0, Max: 0.0, Diff: 0.0, Sum: 0.0]
      [Table Fixup (ms): Min: 0.0, Avg: 0.4, Max: 2.2, Diff: 2.2, Sum: 2.2]
   [Clear CT: 3.5 ms]
   [Other: 23.4 ms]
      [Choose CSet: 0.0 ms]
      [Ref Proc: 20.0 ms]
      [Ref Enq: 0.1 ms]
      [Redirty Cards: 3.1 ms]
      [Humongous Register: 0.0 ms]
      [Humongous Reclaim: 0.0 ms]
      [Free CSet: 0.0 ms]
   [Eden: 139.0M(139.0M)->0.0B(139.0M) Survivors: 14336.0K->14336.0K Heap: 177.8M(256.0M)->40260.0K(256.0M)]
 [Times: user=0.07 sys=0.02, real=0.24 secs] 
2023-12-21T17:10:08.216+0300: 45.967: [GC concurrent-string-deduplication, 100192.0B->86472.0B(13720.0B), avg 45.2%, 0.0003622 secs]
2023-12-21T17:10:12.685+0300: 50.436: [GC pause (G1 Evacuation Pause) (young)
Desired survivor size 10485760 bytes, new threshold 15 (max 15)
- age   1:     673832 bytes,     673832 total
- age   2:    3249512 bytes,    3923344 total
- age   3:     564360 bytes,    4487704 total
- age   4:    1999200 bytes,    6486904 total
- age   5:    2446880 bytes,    8933784 total
- age   6:     891504 bytes,    9825288 total
- age   7:      14720 bytes,    9840008 total
, 0.0351345 secs]
   [Parallel Time: 20.7 ms, GC Workers: 6]
      [GC Worker Start (ms): Min: 50436.3, Avg: 50440.0, Max: 50444.6, Diff: 8.3]
      [Ext Root Scanning (ms): Min: 0.0, Avg: 0.4, Max: 2.1, Diff: 2.1, Sum: 2.2]
      [Update RS (ms): Min: 0.0, Avg: 0.7, Max: 1.4, Diff: 1.4, Sum: 4.0]
         [Processed Buffers: Min: 0, Avg: 5.0, Max: 13, Diff: 13, Sum: 30]
      [Scan RS (ms): Min: 0.0, Avg: 0.0, Max: 0.0, Diff: 0.0, Sum: 0.1]
      [Code Root Scanning (ms): Min: 0.0, Avg: 2.3, Max: 9.2, Diff: 9.2, Sum: 13.9]
      [Object Copy (ms): Min: 0.0, Avg: 6.7, Max: 13.9, Diff: 13.9, Sum: 40.3]
      [Termination (ms): Min: 0.0, Avg: 4.8, Max: 7.5, Diff: 7.5, Sum: 29.0]
         [Termination Attempts: Min: 1, Avg: 13.3, Max: 32, Diff: 31, Sum: 80]
      [GC Worker Other (ms): Min: 0.0, Avg: 0.0, Max: 0.0, Diff: 0.0, Sum: 0.0]
      [GC Worker Total (ms): Min: 11.8, Avg: 14.9, Max: 18.1, Diff: 6.3, Sum: 89.4]
      [GC Worker End (ms): Min: 50454.5, Avg: 50454.9, Max: 50456.4, Diff: 2.0]
   [Code Root Fixup: 0.0 ms]
   [Code Root Purge: 0.0 ms]
   [String Dedup Fixup: 4.0 ms, GC Workers: 6]
      [Queue Fixup (ms): Min: 0.0, Avg: 0.0, Max: 0.0, Diff: 0.0, Sum: 0.0]
      [Table Fixup (ms): Min: 0.0, Avg: 0.2, Max: 1.4, Diff: 1.4, Sum: 1.4]
   [Clear CT: 0.7 ms]
   [Other: 9.7 ms]
      [Choose CSet: 0.0 ms]
      [Ref Proc: 9.0 ms]
      [Ref Enq: 0.0 ms]
      [Redirty Cards: 0.5 ms]
      [Humongous Register: 0.0 ms]
      [Humongous Reclaim: 0.0 ms]
      [Free CSet: 0.1 ms]
   [Eden: 139.0M(139.0M)->0.0B(137.0M) Survivors: 14336.0K->16384.0K Heap: 179.3M(256.0M)->41796.0K(256.0M)]
 [Times: user=0.06 sys=0.01, real=0.03 secs] 
2023-12-21T17:10:12.725+0300: 50.476: [GC concurrent-string-deduplication, 1161.5K->1074.4K(89176.0B), avg 39.0%, 0.0036162 secs]
2023-12-21T17:10:13.437+0300: 51.188: [GC pause (G1 Evacuation Pause) (young)
Desired survivor size 10485760 bytes, new threshold 6 (max 15)
- age   1:    1854208 bytes,    1854208 total
- age   2:     423280 bytes,    2277488 total
- age   3:    3248968 bytes,    5526456 total
- age   4:     550592 bytes,    6077048 total
- age   5:    1999048 bytes,    8076096 total
- age   6:    2446880 bytes,   10522976 total
- age   7:     891464 bytes,   11414440 total
- age   8:      14656 bytes,   11429096 total
, 0.0446070 secs]
   [Parallel Time: 18.8 ms, GC Workers: 6]
      [GC Worker Start (ms): Min: 51188.1, Avg: 51194.3, Max: 51199.5, Diff: 11.4]
      [Ext Root Scanning (ms): Min: 0.0, Avg: 0.5, Max: 1.7, Diff: 1.7, Sum: 3.0]
      [Update RS (ms): Min: 0.0, Avg: 0.6, Max: 1.9, Diff: 1.9, Sum: 3.7]
         [Processed Buffers: Min: 0, Avg: 3.2, Max: 11, Diff: 11, Sum: 19]
      [Scan RS (ms): Min: 0.0, Avg: 0.0, Max: 0.0, Diff: 0.0, Sum: 0.1]
      [Code Root Scanning (ms): Min: 0.0, Avg: 0.1, Max: 0.3, Diff: 0.3, Sum: 0.5]
      [Object Copy (ms): Min: 3.4, Avg: 7.6, Max: 12.1, Diff: 8.7, Sum: 45.8]
      [Termination (ms): Min: 0.0, Avg: 0.6, Max: 1.6, Diff: 1.6, Sum: 3.6]
         [Termination Attempts: Min: 1, Avg: 5.3, Max: 14, Diff: 13, Sum: 32]
      [GC Worker Other (ms): Min: 0.0, Avg: 0.0, Max: 0.0, Diff: 0.0, Sum: 0.0]
      [GC Worker Total (ms): Min: 4.1, Avg: 9.4, Max: 15.5, Diff: 11.4, Sum: 56.6]
      [GC Worker End (ms): Min: 51203.5, Avg: 51203.7, Max: 51204.5, Diff: 1.0]
   [Code Root Fixup: 0.0 ms]
   [Code Root Purge: 0.0 ms]
   [String Dedup Fixup: 4.6 ms, GC Workers: 6]
      [Queue Fixup (ms): Min: 0.0, Avg: 0.0, Max: 0.0, Diff: 0.0, Sum: 0.0]
      [Table Fixup (ms): Min: 0.0, Avg: 0.5, Max: 0.9, Diff: 0.9, Sum: 2.8]
   [Clear CT: 1.8 ms]
   [Other: 19.3 ms]
      [Choose CSet: 0.0 ms]
      [Ref Proc: 18.3 ms]
      [Ref Enq: 0.0 ms]
      [Redirty Cards: 0.9 ms]
      [Humongous Register: 0.0 ms]
      [Humongous Reclaim: 0.0 ms]
      [Free CSet: 0.0 ms]
   [Eden: 137.0M(137.0M)->0.0B(139.0M) Survivors: 16384.0K->14336.0K Heap: 177.8M(256.0M)->43071.0K(256.0M)]
 [Times: user=0.06 sys=0.00, real=0.05 secs] 
2023-12-21T17:10:13.483+0300: 51.234: [GC concurrent-string-deduplication, 148.7K->138.5K(10408.0B), avg 38.3%, 0.0006563 secs]
2023-12-21T17:10:13.730+0300: 51.481: [GC pause (G1 Evacuation Pause) (young)
Desired survivor size 10485760 bytes, new threshold 15 (max 15)
- age   1:    1647640 bytes,    1647640 total
- age   2:    1543200 bytes,    3190840 total
- age   3:     382816 bytes,    3573656 total
- age   4:    3152784 bytes,    6726440 total
- age   5:     550592 bytes,    7277032 total
- age   6:    1999016 bytes,    9276048 total
, 0.0597436 secs]
   [Parallel Time: 14.1 ms, GC Workers: 6]
      [GC Worker Start (ms): Min: 51481.0, Avg: 51484.9, Max: 51492.3, Diff: 11.3]
      [Ext Root Scanning (ms): Min: 0.0, Avg: 0.6, Max: 2.2, Diff: 2.2, Sum: 3.9]
      [Update RS (ms): Min: 0.0, Avg: 0.9, Max: 1.8, Diff: 1.8, Sum: 5.3]
         [Processed Buffers: Min: 0, Avg: 3.8, Max: 9, Diff: 9, Sum: 23]
      [Scan RS (ms): Min: 0.0, Avg: 0.2, Max: 0.5, Diff: 0.5, Sum: 1.3]
      [Code Root Scanning (ms): Min: 0.0, Avg: 0.2, Max: 0.7, Diff: 0.7, Sum: 1.2]
      [Object Copy (ms): Min: 0.0, Avg: 5.5, Max: 8.7, Diff: 8.7, Sum: 33.0]
      [Termination (ms): Min: 0.0, Avg: 2.5, Max: 3.1, Diff: 3.1, Sum: 14.7]
         [Termination Attempts: Min: 1, Avg: 28.7, Max: 48, Diff: 47, Sum: 172]
      [GC Worker Other (ms): Min: 0.0, Avg: 0.0, Max: 0.0, Diff: 0.0, Sum: 0.0]
      [GC Worker Total (ms): Min: 2.5, Avg: 9.9, Max: 13.7, Diff: 11.3, Sum: 59.4]
      [GC Worker End (ms): Min: 51494.7, Avg: 51494.8, Max: 51494.9, Diff: 0.2]
   [Code Root Fixup: 0.1 ms]
   [Code Root Purge: 0.0 ms]
   [String Dedup Fixup: 4.8 ms, GC Workers: 6]
      [Queue Fixup (ms): Min: 0.0, Avg: 0.0, Max: 0.0, Diff: 0.0, Sum: 0.0]
      [Table Fixup (ms): Min: 0.0, Avg: 0.6, Max: 1.7, Diff: 1.7, Sum: 3.4]
   [Clear CT: 13.6 ms]
   [Other: 27.2 ms]
      [Choose CSet: 0.0 ms]
      [Ref Proc: 26.6 ms]
      [Ref Enq: 0.0 ms]
      [Redirty Cards: 0.4 ms]
      [Humongous Register: 0.0 ms]
      [Humongous Reclaim: 0.0 ms]
      [Free CSet: 0.1 ms]
   [Eden: 139.0M(139.0M)->0.0B(141.0M) Survivors: 14336.0K->12288.0K Heap: 181.1M(256.0M)->41535.0K(256.0M)]
 [Times: user=0.03 sys=0.02, real=0.04 secs] 
2023-12-21T17:10:13.791+0300: 51.542: [GC concurrent-string-deduplication, 368.8K->309.5K(60664.0B), avg 37.3%, 0.0011331 secs]
2023-12-21T17:10:14.063+0300: 51.814: [GC pause (G1 Evacuation Pause) (young)
Desired survivor size 10485760 bytes, new threshold 15 (max 15)
- age   1:    1355608 bytes,    1355608 total
- age   2:    1246832 bytes,    2602440 total
- age   3:    1543120 bytes,    4145560 total
- age   4:     372328 bytes,    4517888 total
- age   5:    3152704 bytes,    7670592 total
- age   6:     550592 bytes,    8221184 total
- age   7:    1999016 bytes,   10220200 total
, 0.0798975 secs]
   [Parallel Time: 21.3 ms, GC Workers: 6]
      [GC Worker Start (ms): Min: 51814.0, Avg: 51820.0, Max: 51833.2, Diff: 19.2]
      [Ext Root Scanning (ms): Min: 0.0, Avg: 0.5, Max: 2.0, Diff: 2.0, Sum: 3.1]
      [Update RS (ms): Min: 0.0, Avg: 1.0, Max: 2.9, Diff: 2.9, Sum: 5.8]
         [Processed Buffers: Min: 0, Avg: 4.5, Max: 14, Diff: 14, Sum: 27]
      [Scan RS (ms): Min: 0.0, Avg: 0.0, Max: 0.0, Diff: 0.0, Sum: 0.1]
      [Code Root Scanning (ms): Min: 0.0, Avg: 2.7, Max: 15.6, Diff: 15.6, Sum: 16.0]
      [Object Copy (ms): Min: 0.0, Avg: 8.5, Max: 13.7, Diff: 13.7, Sum: 51.0]
      [Termination (ms): Min: 0.0, Avg: 2.1, Max: 3.0, Diff: 3.0, Sum: 12.4]
         [Termination Attempts: Min: 1, Avg: 92.7, Max: 225, Diff: 224, Sum: 556]
      [GC Worker Other (ms): Min: 0.0, Avg: 0.0, Max: 0.0, Diff: 0.0, Sum: 0.0]
      [GC Worker Total (ms): Min: 1.6, Avg: 14.7, Max: 20.7, Diff: 19.1, Sum: 88.4]
      [GC Worker End (ms): Min: 51834.6, Avg: 51834.7, Max: 51834.8, Diff: 0.2]
   [Code Root Fixup: 0.0 ms]
   [Code Root Purge: 0.0 ms]
   [String Dedup Fixup: 11.1 ms, GC Workers: 6]
      [Queue Fixup (ms): Min: 0.0, Avg: 0.0, Max: 0.0, Diff: 0.0, Sum: 0.0]
      [Table Fixup (ms): Min: 0.0, Avg: 0.4, Max: 1.2, Diff: 1.2, Sum: 2.4]
   [Clear CT: 2.7 ms]
   [Other: 44.7 ms]
      [Choose CSet: 0.0 ms]
      [Ref Proc: 37.6 ms]
      [Ref Enq: 0.0 ms]
      [Redirty Cards: 6.9 ms]
      [Humongous Register: 0.0 ms]
      [Humongous Reclaim: 0.0 ms]
      [Free CSet: 0.2 ms]
   [Eden: 141.0M(141.0M)->0.0B(139.0M) Survivors: 12288.0K->14336.0K Heap: 181.6M(256.0M)->43071.0K(256.0M)]
 [Times: user=0.09 sys=0.02, real=0.10 secs] 
2023-12-21T17:10:14.144+0300: 51.895: [GC concurrent-string-deduplication, 387.7K->338.2K(50744.0B), avg 36.1%, 0.0012288 secs]
2023-12-21T17:10:14.371+0300: 52.122: [GC pause (G1 Evacuation Pause) (young)
Desired survivor size 10485760 bytes, new threshold 8 (max 15)
- age   1:    2085576 bytes,    2085576 total
- age   2:    1131616 bytes,    3217192 total
- age   3:    1237640 bytes,    4454832 total
- age   4:    1482232 bytes,    5937064 total
- age   5:     370760 bytes,    6307824 total
- age   6:    3148960 bytes,    9456784 total
- age   7:     546080 bytes,   10002864 total
- age   8:    1992584 bytes,   11995448 total
, 0.1111166 secs]
   [Parallel Time: 69.6 ms, GC Workers: 6]
      [GC Worker Start (ms): Min: 52124.7, Avg: 52137.3, Max: 52159.2, Diff: 34.4]
      [Ext Root Scanning (ms): Min: 0.0, Avg: 0.8, Max: 3.2, Diff: 3.2, Sum: 4.9]
      [Update RS (ms): Min: 0.0, Avg: 0.9, Max: 2.1, Diff: 2.1, Sum: 5.6]
         [Processed Buffers: Min: 0, Avg: 4.3, Max: 12, Diff: 12, Sum: 26]
      [Scan RS (ms): Min: 0.0, Avg: 0.0, Max: 0.0, Diff: 0.0, Sum: 0.1]
      [Code Root Scanning (ms): Min: 0.0, Avg: 8.2, Max: 30.4, Diff: 30.4, Sum: 49.5]
      [Object Copy (ms): Min: 0.0, Avg: 6.0, Max: 17.7, Diff: 17.7, Sum: 36.1]
      [Termination (ms): Min: 0.0, Avg: 6.5, Max: 12.7, Diff: 12.7, Sum: 39.2]
         [Termination Attempts: Min: 1, Avg: 1.0, Max: 1, Diff: 0, Sum: 6]
      [GC Worker Other (ms): Min: 0.0, Avg: 0.0, Max: 0.0, Diff: 0.0, Sum: 0.1]
      [GC Worker Total (ms): Min: 0.7, Avg: 22.6, Max: 35.1, Diff: 34.4, Sum: 135.4]
      [GC Worker End (ms): Min: 52159.6, Avg: 52159.8, Max: 52160.3, Diff: 0.7]
   [Code Root Fixup: 0.0 ms]
   [Code Root Purge: 0.0 ms]
   [String Dedup Fixup: 6.8 ms, GC Workers: 6]
      [Queue Fixup (ms): Min: 0.0, Avg: 0.0, Max: 0.0, Diff: 0.0, Sum: 0.0]
      [Table Fixup (ms): Min: 0.0, Avg: 0.5, Max: 1.2, Diff: 1.2, Sum: 2.9]
   [Clear CT: 6.2 ms]
   [Other: 28.6 ms]
      [Choose CSet: 0.0 ms]
      [Ref Proc: 21.8 ms]
      [Ref Enq: 0.0 ms]
      [Redirty Cards: 6.5 ms]
      [Humongous Register: 0.0 ms]
      [Humongous Reclaim: 0.0 ms]
      [Free CSet: 0.1 ms]
   [Eden: 139.0M(139.0M)->0.0B(140.0M) Survivors: 14336.0K->13312.0K Heap: 181.1M(256.0M)->44565.0K(256.0M)]
 [Times: user=0.06 sys=0.02, real=0.16 secs] 
2023-12-21T17:10:14.485+0300: 52.236: [GC concurrent-string-deduplication, 215.0K->215.0K(0.0B), avg 35.1%, 0.0022254 secs]
2023-12-21T17:10:15.634+0300: 53.385: [GC pause (G1 Evacuation Pause) (young)
Desired survivor size 10485760 bytes, new threshold 7 (max 15)
- age   1:    1366032 bytes,    1366032 total
- age   2:    1881520 bytes,    3247552 total
- age   3:    1131576 bytes,    4379128 total
- age   4:    1186024 bytes,    5565152 total
- age   5:    1482232 bytes,    7047384 total
- age   6:     370760 bytes,    7418144 total
- age   7:    3148960 bytes,   10567104 total
- age   8:     546080 bytes,   11113184 total
, 0.4049161 secs]
   [Parallel Time: 214.3 ms, GC Workers: 6]
      [GC Worker Start (ms): Min: 53388.3, Avg: 53518.1, Max: 53594.9, Diff: 206.6]
      [Ext Root Scanning (ms): Min: 0.0, Avg: 0.6, Max: 3.4, Diff: 3.4, Sum: 3.5]
      [Update RS (ms): Min: 0.0, Avg: 4.0, Max: 23.8, Diff: 23.8, Sum: 23.8]
         [Processed Buffers: Min: 0, Avg: 5.0, Max: 30, Diff: 30, Sum: 30]
      [Scan RS (ms): Min: 0.0, Avg: 0.2, Max: 1.0, Diff: 1.0, Sum: 1.1]
      [Code Root Scanning (ms): Min: 0.0, Avg: 0.1, Max: 0.3, Diff: 0.3, Sum: 0.3]
      [Object Copy (ms): Min: 0.0, Avg: 3.3, Max: 20.0, Diff: 20.0, Sum: 20.0]
      [Termination (ms): Min: 0.0, Avg: 69.5, Max: 159.6, Diff: 159.6, Sum: 417.1]
         [Termination Attempts: Min: 1, Avg: 1.0, Max: 1, Diff: 0, Sum: 6]
      [GC Worker Other (ms): Min: 0.0, Avg: 0.0, Max: 0.0, Diff: 0.0, Sum: 0.1]
      [GC Worker Total (ms): Min: 0.0, Avg: 77.6, Max: 208.2, Diff: 208.1, Sum: 465.8]
      [GC Worker End (ms): Min: 53594.9, Avg: 53595.7, Max: 53596.4, Diff: 1.5]
   [Code Root Fixup: 0.0 ms]
   [Code Root Purge: 0.0 ms]
   [String Dedup Fixup: 23.8 ms, GC Workers: 6]
      [Queue Fixup (ms): Min: 0.0, Avg: 0.0, Max: 0.0, Diff: 0.0, Sum: 0.0]
      [Table Fixup (ms): Min: 0.0, Avg: 0.4, Max: 1.3, Diff: 1.3, Sum: 2.5]
   [Clear CT: 3.4 ms]
   [Other: 163.5 ms]
      [Choose CSet: 0.0 ms]
      [Ref Proc: 149.1 ms]
      [Ref Enq: 0.0 ms]
      [Redirty Cards: 14.0 ms]
      [Humongous Register: 0.0 ms]
      [Humongous Reclaim: 0.0 ms]
      [Free CSet: 0.1 ms]
   [Eden: 140.0M(140.0M)->0.0B(1024.0K) Survivors: 13312.0K->15360.0K Heap: 183.5M(256.0M)->50198.0K(256.0M)]
 [Times: user=0.38 sys=0.03, real=0.40 secs] 
2023-12-21T17:10:16.041+0300: 53.791: [GC concurrent-string-deduplication, 215.5K->215.5K(0.0B), avg 34.2%, 0.0016481 secs]
2023-12-21T17:10:16.078+0300: 53.829: [GC pause (G1 Evacuation Pause) (young)
Desired survivor size 1048576 bytes, new threshold 1 (max 15)
- age   1:    3828408 bytes,    3828408 total
- age   2:    1162464 bytes,    4990872 total
- age   3:    1881480 bytes,    6872352 total
- age   4:    1131576 bytes,    8003928 total
- age   5:    1185264 bytes,    9189192 total
- age   6:    1481064 bytes,   10670256 total
- age   7:     360256 bytes,   11030512 total
, 0.1563923 secs]
   [Parallel Time: 76.0 ms, GC Workers: 6]
      [GC Worker Start (ms): Min: 53829.5, Avg: 53839.8, Max: 53853.6, Diff: 24.1]
      [Ext Root Scanning (ms): Min: 0.0, Avg: 4.2, Max: 24.4, Diff: 24.4, Sum: 24.9]
      [Update RS (ms): Min: 0.0, Avg: 1.2, Max: 3.5, Diff: 3.5, Sum: 7.3]
         [Processed Buffers: Min: 0, Avg: 6.2, Max: 19, Diff: 19, Sum: 37]
      [Scan RS (ms): Min: 0.0, Avg: 0.4, Max: 1.0, Diff: 1.0, Sum: 2.6]
      [Code Root Scanning (ms): Min: 0.0, Avg: 0.2, Max: 0.8, Diff: 0.8, Sum: 0.9]
      [Object Copy (ms): Min: 0.0, Avg: 10.1, Max: 41.3, Diff: 41.3, Sum: 60.4]
      [Termination (ms): Min: 0.0, Avg: 24.6, Max: 33.8, Diff: 33.8, Sum: 147.3]
         [Termination Attempts: Min: 1, Avg: 9.3, Max: 27, Diff: 26, Sum: 56]
      [GC Worker Other (ms): Min: 0.0, Avg: 0.0, Max: 0.0, Diff: 0.0, Sum: 0.1]
      [GC Worker Total (ms): Min: 26.5, Avg: 40.6, Max: 51.4, Diff: 24.9, Sum: 243.5]
      [GC Worker End (ms): Min: 53880.0, Avg: 53880.4, Max: 53880.9, Diff: 0.9]
   [Code Root Fixup: 0.0 ms]
   [Code Root Purge: 0.0 ms]
   [String Dedup Fixup: 35.7 ms, GC Workers: 6]
      [Queue Fixup (ms): Min: 0.0, Avg: 0.0, Max: 0.1, Diff: 0.1, Sum: 0.1]
      [Table Fixup (ms): Min: 0.0, Avg: 0.4, Max: 2.3, Diff: 2.3, Sum: 2.3]
   [Clear CT: 15.5 ms]
   [Other: 29.2 ms]
      [Choose CSet: 0.0 ms]
      [Ref Proc: 28.2 ms]
      [Ref Enq: 0.0 ms]
      [Redirty Cards: 0.8 ms]
      [Humongous Register: 0.0 ms]
      [Humongous Reclaim: 0.0 ms]
      [Free CSet: 0.0 ms]
   [Eden: 1024.0K(1024.0K)->0.0B(151.0M) Survivors: 15360.0K->2048.0K Heap: 51222.0K(256.0M)->50127.0K(256.0M)]
 [Times: user=0.11 sys=0.01, real=0.17 secs] 
2023-12-21T17:10:16.239+0300: 53.990: [GC concurrent-string-deduplication, 738.3K->684.2K(55440.0B), avg 32.0%, 0.0041281 secs]
2023-12-21T17:10:17.738+0300: 55.489: [GC pause (G1 Evacuation Pause) (young)
Desired survivor size 10485760 bytes, new threshold 15 (max 15)
- age   1:      95360 bytes,      95360 total
, 0.1032124 secs]
   [Parallel Time: 25.1 ms, GC Workers: 6]
      [GC Worker Start (ms): Min: 55491.0, Avg: 55496.5, Max: 55498.7, Diff: 7.8]
      [Ext Root Scanning (ms): Min: 0.0, Avg: 0.6, Max: 3.6, Diff: 3.6, Sum: 3.7]
      [Update RS (ms): Min: 0.0, Avg: 4.7, Max: 11.6, Diff: 11.6, Sum: 28.1]
         [Processed Buffers: Min: 0, Avg: 7.7, Max: 14, Diff: 14, Sum: 46]
      [Scan RS (ms): Min: 0.0, Avg: 0.1, Max: 0.2, Diff: 0.2, Sum: 0.4]
      [Code Root Scanning (ms): Min: 0.0, Avg: 0.0, Max: 0.0, Diff: 0.0, Sum: 0.1]
      [Object Copy (ms): Min: 0.1, Avg: 6.1, Max: 13.8, Diff: 13.7, Sum: 36.4]
      [Termination (ms): Min: 0.0, Avg: 1.7, Max: 4.1, Diff: 4.1, Sum: 10.2]
         [Termination Attempts: Min: 1, Avg: 2.3, Max: 8, Diff: 7, Sum: 14]
      [GC Worker Other (ms): Min: 0.0, Avg: 0.0, Max: 0.1, Diff: 0.1, Sum: 0.2]
      [GC Worker Total (ms): Min: 10.4, Avg: 13.2, Max: 18.1, Diff: 7.7, Sum: 79.2]
      [GC Worker End (ms): Min: 55508.9, Avg: 55509.7, Max: 55512.3, Diff: 3.4]
   [Code Root Fixup: 0.0 ms]
   [Code Root Purge: 0.0 ms]
   [String Dedup Fixup: 5.8 ms, GC Workers: 6]
      [Queue Fixup (ms): Min: 0.0, Avg: 0.0, Max: 0.0, Diff: 0.0, Sum: 0.0]
      [Table Fixup (ms): Min: 0.0, Avg: 1.2, Max: 3.9, Diff: 3.9, Sum: 7.3]
   [Clear CT: 10.7 ms]
   [Other: 61.6 ms]
      [Choose CSet: 0.0 ms]
      [Ref Proc: 54.7 ms]
      [Ref Enq: 0.1 ms]
      [Redirty Cards: 4.6 ms]
      [Humongous Register: 0.0 ms]
      [Humongous Reclaim: 0.0 ms]
      [Free CSet: 0.1 ms]
   [Eden: 151.0M(151.0M)->0.0B(142.0M) Survivors: 2048.0K->11264.0K Heap: 200.0M(256.0M)->59343.0K(256.0M)]
 [Times: user=0.11 sys=0.00, real=0.11 secs] 
2023-12-21T17:10:18.878+0300: 56.629: [GC pause (G1 Evacuation Pause) (young)
Desired survivor size 10485760 bytes, new threshold 15 (max 15)
- age   1:    3845088 bytes,    3845088 total
- age   2:      92904 bytes,    3937992 total
, 0.2687864 secs]
   [Parallel Time: 75.7 ms, GC Workers: 6]
      [GC Worker Start (ms): Min: 56633.8, Avg: 56678.1, Max: 56695.3, Diff: 61.5]
      [Ext Root Scanning (ms): Min: 0.0, Avg: 0.6, Max: 3.3, Diff: 3.3, Sum: 3.4]
      [Update RS (ms): Min: 0.0, Avg: 0.7, Max: 4.5, Diff: 4.5, Sum: 4.5]
         [Processed Buffers: Min: 0, Avg: 5.0, Max: 30, Diff: 30, Sum: 30]
      [Scan RS (ms): Min: 0.0, Avg: 0.0, Max: 0.1, Diff: 0.1, Sum: 0.2]
      [Code Root Scanning (ms): Min: 0.0, Avg: 0.0, Max: 0.1, Diff: 0.1, Sum: 0.1]
      [Object Copy (ms): Min: 0.0, Avg: 1.8, Max: 10.8, Diff: 10.8, Sum: 10.8]
      [Termination (ms): Min: 0.0, Avg: 14.4, Max: 42.9, Diff: 42.9, Sum: 86.7]
         [Termination Attempts: Min: 1, Avg: 1.0, Max: 1, Diff: 0, Sum: 6]
      [GC Worker Other (ms): Min: 0.0, Avg: 0.0, Max: 0.0, Diff: 0.0, Sum: 0.0]
      [GC Worker Total (ms): Min: 0.0, Avg: 17.6, Max: 61.7, Diff: 61.6, Sum: 105.6]
      [GC Worker End (ms): Min: 56695.3, Avg: 56695.7, Max: 56697.0, Diff: 1.7]
   [Code Root Fixup: 0.0 ms]
   [Code Root Purge: 0.0 ms]
   [String Dedup Fixup: 100.4 ms, GC Workers: 6]
      [Queue Fixup (ms): Min: 0.0, Avg: 0.0, Max: 0.0, Diff: 0.0, Sum: 0.0]
      [Table Fixup (ms): Min: 0.0, Avg: 0.7, Max: 3.9, Diff: 3.9, Sum: 3.9]
   [Clear CT: 26.5 ms]
   [Other: 66.2 ms]
      [Choose CSet: 0.0 ms]
      [Ref Proc: 49.2 ms]
      [Ref Enq: 0.0 ms]
      [Redirty Cards: 16.8 ms]
      [Humongous Register: 0.0 ms]
      [Humongous Reclaim: 0.0 ms]
      [Free CSet: 0.1 ms]
   [Eden: 142.0M(142.0M)->0.0B(3072.0K) Survivors: 11264.0K->9216.0K Heap: 201.2M(256.0M)->57939.5K(256.0M)]
 [Times: user=0.19 sys=0.04, real=0.27 secs] 
2023-12-21T17:10:19.149+0300: 56.900: [GC concurrent-string-deduplication, 2136.0B->672.0B(1464.0B), avg 32.1%, 0.0000326 secs]
2023-12-21T17:10:19.230+0300: 56.980: [GC pause (G1 Evacuation Pause) (young)
Desired survivor size 1048576 bytes, new threshold 1 (max 15)
- age   1:    1949768 bytes,    1949768 total
- age   2:    3232224 bytes,    5181992 total
- age   3:      92416 bytes,    5274408 total
, 0.1068402 secs]
   [Parallel Time: 39.4 ms, GC Workers: 6]
      [GC Worker Start (ms): Min: 56980.7, Avg: 56982.1, Max: 56986.4, Diff: 5.7]
      [Ext Root Scanning (ms): Min: 0.0, Avg: 3.6, Max: 19.0, Diff: 19.0, Sum: 21.6]
      [Update RS (ms): Min: 0.0, Avg: 0.7, Max: 1.1, Diff: 1.1, Sum: 4.4]
         [Processed Buffers: Min: 0, Avg: 3.2, Max: 7, Diff: 7, Sum: 19]
      [Scan RS (ms): Min: 0.0, Avg: 0.0, Max: 0.0, Diff: 0.0, Sum: 0.0]
      [Code Root Scanning (ms): Min: 0.0, Avg: 0.0, Max: 0.1, Diff: 0.1, Sum: 0.1]
      [Object Copy (ms): Min: 0.0, Avg: 1.7, Max: 2.6, Diff: 2.6, Sum: 10.1]
      [Termination (ms): Min: 0.0, Avg: 16.4, Max: 31.2, Diff: 31.2, Sum: 98.7]
         [Termination Attempts: Min: 1, Avg: 10.2, Max: 20, Diff: 19, Sum: 61]
      [GC Worker Other (ms): Min: 0.0, Avg: 0.0, Max: 0.1, Diff: 0.1, Sum: 0.2]
      [GC Worker Total (ms): Min: 18.0, Avg: 22.5, Max: 31.5, Diff: 13.5, Sum: 135.0]
      [GC Worker End (ms): Min: 56999.7, Avg: 57004.6, Max: 57017.9, Diff: 18.2]
   [Code Root Fixup: 0.0 ms]
   [Code Root Purge: 0.0 ms]
   [String Dedup Fixup: 19.5 ms, GC Workers: 6]
      [Queue Fixup (ms): Min: 0.0, Avg: 0.0, Max: 0.1, Diff: 0.1, Sum: 0.1]
      [Table Fixup (ms): Min: 0.0, Avg: 0.8, Max: 2.4, Diff: 2.4, Sum: 4.5]
   [Clear CT: 22.0 ms]
   [Other: 25.9 ms]
      [Choose CSet: 0.0 ms]
      [Ref Proc: 22.0 ms]
      [Ref Enq: 0.0 ms]
      [Redirty Cards: 3.7 ms]
      [Humongous Register: 0.0 ms]
      [Humongous Reclaim: 0.0 ms]
      [Free CSet: 0.0 ms]
   [Eden: 3072.0K(3072.0K)->0.0B(151.0M) Survivors: 9216.0K->2048.0K Heap: 61011.5K(256.0M)->55252.5K(256.0M)]
 [Times: user=0.10 sys=0.02, real=0.10 secs] 
2023-12-21T17:10:19.345+0300: 57.095: [GC concurrent-string-deduplication, 806.3K->593.6K(212.7K), avg 31.6%, 0.0061329 secs]
2023-12-21T17:10:20.280+0300: 58.031: [GC pause (G1 Evacuation Pause) (young)
Desired survivor size 10485760 bytes, new threshold 15 (max 15)
- age   1:     196200 bytes,     196200 total
, 0.1579735 secs]
   [Parallel Time: 62.8 ms, GC Workers: 6]
      [GC Worker Start (ms): Min: 58042.3, Avg: 58050.3, Max: 58060.5, Diff: 18.1]
      [Ext Root Scanning (ms): Min: 0.0, Avg: 0.8, Max: 2.8, Diff: 2.8, Sum: 4.8]
      [Update RS (ms): Min: 0.0, Avg: 10.4, Max: 30.2, Diff: 30.2, Sum: 62.3]
         [Processed Buffers: Min: 0, Avg: 7.8, Max: 20, Diff: 20, Sum: 47]
      [Scan RS (ms): Min: 0.0, Avg: 0.0, Max: 0.1, Diff: 0.1, Sum: 0.1]
      [Code Root Scanning (ms): Min: 0.0, Avg: 0.0, Max: 0.1, Diff: 0.1, Sum: 0.1]
      [Object Copy (ms): Min: 0.0, Avg: 1.8, Max: 4.9, Diff: 4.9, Sum: 10.5]
      [Termination (ms): Min: 7.1, Avg: 14.9, Max: 18.7, Diff: 11.6, Sum: 89.5]
         [Termination Attempts: Min: 1, Avg: 1.8, Max: 4, Diff: 3, Sum: 11]
      [GC Worker Other (ms): Min: 0.0, Avg: 0.0, Max: 0.0, Diff: 0.0, Sum: 0.1]
      [GC Worker Total (ms): Min: 15.1, Avg: 27.9, Max: 48.5, Diff: 33.3, Sum: 167.5]
      [GC Worker End (ms): Min: 58075.5, Avg: 58078.2, Max: 58090.8, Diff: 15.3]
   [Code Root Fixup: 0.0 ms]
   [Code Root Purge: 0.0 ms]
   [String Dedup Fixup: 29.6 ms, GC Workers: 6]
      [Queue Fixup (ms): Min: 0.0, Avg: 0.0, Max: 0.0, Diff: 0.0, Sum: 0.0]
      [Table Fixup (ms): Min: 0.0, Avg: 2.3, Max: 7.4, Diff: 7.4, Sum: 13.6]
   [Clear CT: 4.4 ms]
   [Other: 61.2 ms]
      [Choose CSet: 0.0 ms]
      [Ref Proc: 36.2 ms]
      [Ref Enq: 0.1 ms]
      [Redirty Cards: 19.1 ms]
      [Humongous Register: 0.0 ms]
      [Humongous Reclaim: 0.0 ms]
      [Free CSet: 0.2 ms]
   [Eden: 151.0M(151.0M)->0.0B(136.0M) Survivors: 2048.0K->17408.0K Heap: 205.0M(256.0M)->69942.3K(256.0M)]
 [Times: user=0.17 sys=0.00, real=0.15 secs] 
2023-12-21T17:10:21.161+0300: 58.912: [GC pause (G1 Evacuation Pause) (young)
Desired survivor size 10485760 bytes, new threshold 15 (max 15)
- age   1:    3443288 bytes,    3443288 total
- age   2:       3072 bytes,    3446360 total
, 0.0543784 secs]
   [Parallel Time: 25.1 ms, GC Workers: 6]
      [GC Worker Start (ms): Min: 58915.9, Avg: 58922.0, Max: 58923.5, Diff: 7.5]
      [Ext Root Scanning (ms): Min: 0.0, Avg: 0.5, Max: 3.3, Diff: 3.3, Sum: 3.3]
      [Update RS (ms): Min: 0.3, Avg: 3.2, Max: 16.4, Diff: 16.1, Sum: 19.2]
         [Processed Buffers: Min: 2, Avg: 6.2, Max: 14, Diff: 12, Sum: 37]
      [Scan RS (ms): Min: 0.0, Avg: 0.0, Max: 0.0, Diff: 0.0, Sum: 0.1]
      [Code Root Scanning (ms): Min: 0.0, Avg: 0.0, Max: 0.1, Diff: 0.1, Sum: 0.1]
      [Object Copy (ms): Min: 0.8, Avg: 4.6, Max: 5.8, Diff: 5.0, Sum: 27.7]
      [Termination (ms): Min: 0.0, Avg: 6.0, Max: 7.4, Diff: 7.4, Sum: 36.0]
         [Termination Attempts: Min: 1, Avg: 28.8, Max: 58, Diff: 57, Sum: 173]
      [GC Worker Other (ms): Min: 0.0, Avg: 0.0, Max: 0.0, Diff: 0.0, Sum: 0.0]
      [GC Worker Total (ms): Min: 12.9, Avg: 14.4, Max: 20.4, Diff: 7.5, Sum: 86.3]
      [GC Worker End (ms): Min: 58936.3, Avg: 58936.4, Max: 58936.6, Diff: 0.3]
   [Code Root Fixup: 0.0 ms]
   [Code Root Purge: 0.0 ms]
   [String Dedup Fixup: 12.4 ms, GC Workers: 6]
      [Queue Fixup (ms): Min: 0.0, Avg: 0.0, Max: 0.1, Diff: 0.1, Sum: 0.1]
      [Table Fixup (ms): Min: 0.0, Avg: 0.5, Max: 3.1, Diff: 3.1, Sum: 3.1]
   [Clear CT: 2.9 ms]
   [Other: 13.9 ms]
      [Choose CSet: 0.0 ms]
      [Ref Proc: 11.8 ms]
      [Ref Enq: 0.1 ms]
      [Redirty Cards: 1.9 ms]
      [Humongous Register: 0.0 ms]
      [Humongous Reclaim: 0.0 ms]
      [Free CSet: 0.1 ms]
   [Eden: 136.0M(136.0M)->0.0B(139.0M) Survivors: 17408.0K->14336.0K Heap: 204.3M(256.0M)->67028.5K(256.0M)]
 [Times: user=0.10 sys=0.02, real=0.05 secs] 
2023-12-21T17:10:21.215+0300: 58.966: [GC concurrent-string-deduplication, 832.0B->832.0B(0.0B), avg 31.6%, 0.0000084 secs]
2023-12-21T17:10:21.765+0300: 59.516: [GC pause (G1 Evacuation Pause) (young)
Desired survivor size 10485760 bytes, new threshold 15 (max 15)
- age   1:    4319680 bytes,    4319680 total
- age   2:    2616696 bytes,    6936376 total
- age   3:       2672 bytes,    6939048 total
, 0.0704293 secs]
   [Parallel Time: 29.4 ms, GC Workers: 6]
      [GC Worker Start (ms): Min: 59516.2, Avg: 59524.8, Max: 59538.9, Diff: 22.7]
      [Ext Root Scanning (ms): Min: 0.0, Avg: 0.6, Max: 1.8, Diff: 1.8, Sum: 3.4]
      [Update RS (ms): Min: 0.0, Avg: 1.0, Max: 2.7, Diff: 2.7, Sum: 6.1]
         [Processed Buffers: Min: 0, Avg: 6.0, Max: 15, Diff: 15, Sum: 36]
      [Scan RS (ms): Min: 0.0, Avg: 0.0, Max: 0.0, Diff: 0.0, Sum: 0.1]
      [Code Root Scanning (ms): Min: 0.0, Avg: 0.0, Max: 0.1, Diff: 0.1, Sum: 0.1]
      [Object Copy (ms): Min: 0.0, Avg: 2.8, Max: 4.3, Diff: 4.3, Sum: 16.6]
      [Termination (ms): Min: 0.0, Avg: 9.8, Max: 14.4, Diff: 14.4, Sum: 58.5]
         [Termination Attempts: Min: 1, Avg: 1.0, Max: 1, Diff: 0, Sum: 6]
      [GC Worker Other (ms): Min: 0.0, Avg: 0.0, Max: 0.0, Diff: 0.0, Sum: 0.0]
      [GC Worker Total (ms): Min: 0.0, Avg: 14.1, Max: 22.8, Diff: 22.8, Sum: 84.9]
      [GC Worker End (ms): Min: 59538.9, Avg: 59539.0, Max: 59539.1, Diff: 0.1]
   [Code Root Fixup: 0.0 ms]
   [Code Root Purge: 0.0 ms]
   [String Dedup Fixup: 1.5 ms, GC Workers: 6]
      [Queue Fixup (ms): Min: 0.0, Avg: 0.0, Max: 0.0, Diff: 0.0, Sum: 0.0]
      [Table Fixup (ms): Min: 0.1, Avg: 0.6, Max: 1.2, Diff: 1.1, Sum: 3.8]
   [Clear CT: 9.4 ms]
   [Other: 30.1 ms]
      [Choose CSet: 0.0 ms]
      [Ref Proc: 26.2 ms]
      [Ref Enq: 0.0 ms]
      [Redirty Cards: 3.7 ms]
      [Humongous Register: 0.0 ms]
      [Humongous Reclaim: 0.0 ms]
      [Free CSet: 0.1 ms]
   [Eden: 139.0M(139.0M)->0.0B(144.0M) Survivors: 14336.0K->9216.0K Heap: 204.5M(256.0M)->62420.5K(256.0M)]
 [Times: user=0.04 sys=0.04, real=0.07 secs] 
2023-12-21T17:10:21.837+0300: 59.588: [GC concurrent-string-deduplication, 433.8K->214.8K(219.0K), avg 32.4%, 0.0014970 secs]
2023-12-21T17:10:56.710+0300: 94.461: [GC pause (G1 Evacuation Pause) (young)
Desired survivor size 10485760 bytes, new threshold 15 (max 15)
- age   1:     678608 bytes,     678608 total
- age   2:    3859832 bytes,    4538440 total
- age   3:    2615048 bytes,    7153488 total
- age   4:       2672 bytes,    7156160 total
, 0.0137996 secs]
   [Parallel Time: 8.9 ms, GC Workers: 6]
      [GC Worker Start (ms): Min: 94460.9, Avg: 94461.6, Max: 94462.9, Diff: 2.0]
      [Ext Root Scanning (ms): Min: 0.0, Avg: 2.1, Max: 8.4, Diff: 8.4, Sum: 12.8]
      [Update RS (ms): Min: 0.0, Avg: 2.1, Max: 6.3, Diff: 6.3, Sum: 12.4]
         [Processed Buffers: Min: 0, Avg: 6.8, Max: 14, Diff: 14, Sum: 41]
      [Scan RS (ms): Min: 0.0, Avg: 0.0, Max: 0.0, Diff: 0.0, Sum: 0.1]
      [Code Root Scanning (ms): Min: 0.0, Avg: 0.0, Max: 0.1, Diff: 0.1, Sum: 0.1]
      [Object Copy (ms): Min: 0.0, Avg: 2.6, Max: 3.9, Diff: 3.9, Sum: 15.4]
      [Termination (ms): Min: 0.0, Avg: 1.1, Max: 1.6, Diff: 1.6, Sum: 6.5]
         [Termination Attempts: Min: 1, Avg: 32.2, Max: 78, Diff: 77, Sum: 193]
      [GC Worker Other (ms): Min: 0.0, Avg: 0.0, Max: 0.0, Diff: 0.0, Sum: 0.0]
      [GC Worker Total (ms): Min: 6.6, Avg: 7.9, Max: 8.6, Diff: 2.0, Sum: 47.4]
      [GC Worker End (ms): Min: 94469.5, Avg: 94469.5, Max: 94469.6, Diff: 0.1]
   [Code Root Fixup: 0.0 ms]
   [Code Root Purge: 0.0 ms]
   [String Dedup Fixup: 1.1 ms, GC Workers: 6]
      [Queue Fixup (ms): Min: 0.0, Avg: 0.0, Max: 0.0, Diff: 0.0, Sum: 0.0]
      [Table Fixup (ms): Min: 0.0, Avg: 0.5, Max: 0.8, Diff: 0.8, Sum: 3.1]
   [Clear CT: 0.5 ms]
   [Other: 3.3 ms]
      [Choose CSet: 0.0 ms]
      [Ref Proc: 2.2 ms]
      [Ref Enq: 0.0 ms]
      [Redirty Cards: 1.0 ms]
      [Humongous Register: 0.0 ms]
      [Humongous Reclaim: 0.0 ms]
      [Free CSet: 0.0 ms]
   [Eden: 144.0M(144.0M)->0.0B(141.0M) Survivors: 9216.0K->12288.0K Heap: 205.0M(256.0M)->64980.5K(256.0M)]
 [Times: user=0.05 sys=0.01, real=0.01 secs] 
2023-12-21T17:10:56.727+0300: 94.477: [GC concurrent-string-deduplication, 1193.6K->241.8K(951.7K), avg 37.3%, 0.0012901 secs]
2023-12-21T17:10:56.926+0300: 94.677: [GC pause (Metadata GC Threshold) (young) (initial-mark)
Desired survivor size 10485760 bytes, new threshold 15 (max 15)
- age   1:    1835464 bytes,    1835464 total
- age   2:     447136 bytes,    2282600 total
- age   3:    3854792 bytes,    6137392 total
- age   4:    2381192 bytes,    8518584 total
- age   5:       2672 bytes,    8521256 total
, 0.0145563 secs]
   [Parallel Time: 7.7 ms, GC Workers: 6]
      [GC Worker Start (ms): Min: 94677.6, Avg: 94679.0, Max: 94679.8, Diff: 2.3]
      [Ext Root Scanning (ms): Min: 0.1, Avg: 1.3, Max: 2.3, Diff: 2.2, Sum: 8.0]
      [Update RS (ms): Min: 0.0, Avg: 1.0, Max: 1.6, Diff: 1.6, Sum: 5.9]
         [Processed Buffers: Min: 0, Avg: 5.2, Max: 10, Diff: 10, Sum: 31]
      [Scan RS (ms): Min: 0.0, Avg: 0.0, Max: 0.0, Diff: 0.0, Sum: 0.0]
      [Code Root Scanning (ms): Min: 0.0, Avg: 0.0, Max: 0.1, Diff: 0.1, Sum: 0.1]
      [Object Copy (ms): Min: 2.3, Avg: 2.9, Max: 5.0, Diff: 2.6, Sum: 17.1]
      [Termination (ms): Min: 0.0, Avg: 0.6, Max: 0.8, Diff: 0.8, Sum: 3.7]
         [Termination Attempts: Min: 1, Avg: 7.5, Max: 16, Diff: 15, Sum: 45]
      [GC Worker Other (ms): Min: 0.0, Avg: 0.0, Max: 0.1, Diff: 0.1, Sum: 0.1]
      [GC Worker Total (ms): Min: 5.0, Avg: 5.8, Max: 7.3, Diff: 2.3, Sum: 35.0]
      [GC Worker End (ms): Min: 94684.8, Avg: 94684.8, Max: 94684.9, Diff: 0.1]
   [Code Root Fixup: 0.0 ms]
   [Code Root Purge: 0.0 ms]
   [String Dedup Fixup: 1.3 ms, GC Workers: 6]
      [Queue Fixup (ms): Min: 0.0, Avg: 0.0, Max: 0.0, Diff: 0.0, Sum: 0.0]
      [Table Fixup (ms): Min: 0.0, Avg: 0.4, Max: 0.7, Diff: 0.7, Sum: 2.4]
   [Clear CT: 1.0 ms]
   [Other: 4.6 ms]
      [Choose CSet: 0.0 ms]
      [Ref Proc: 3.6 ms]
      [Ref Enq: 0.0 ms]
      [Redirty Cards: 0.9 ms]
      [Humongous Register: 0.0 ms]
      [Humongous Reclaim: 0.0 ms]
      [Free CSet: 0.0 ms]
   [Eden: 81920.0K(141.0M)->0.0B(142.0M) Survivors: 12288.0K->11264.0K Heap: 143.5M(256.0M)->63956.5K(256.0M)]
 [Times: user=0.03 sys=0.01, real=0.02 secs] 
2023-12-21T17:10:56.941+0300: 94.692: [GC concurrent-root-region-scan-start]
2023-12-21T17:10:56.941+0300: 94.692: [GC concurrent-string-deduplication, 75152.0B->69336.0B(5816.0B), avg 37.1%, 0.0002419 secs]
2023-12-21T17:10:56.945+0300: 94.696: [GC concurrent-root-region-scan-end, 0.0041754 secs]
2023-12-21T17:10:56.945+0300: 94.696: [GC concurrent-mark-start]
2023-12-21T17:10:56.969+0300: 94.719: [GC concurrent-mark-end, 0.0232648 secs]
2023-12-21T17:10:56.970+0300: 94.721: [GC remark 2023-12-21T17:10:56.970+0300: 94.721: [Finalize Marking, 0.0011656 secs] 2023-12-21T17:10:56.972+0300: 94.722: [GC ref-proc, 0.0002002 secs] 2023-12-21T17:10:56.972+0300: 94.723: [Unloading, 0.0106127 secs], 0.0130732 secs]
 [Times: user=0.03 sys=0.01, real=0.01 secs] 
2023-12-21T17:10:56.984+0300: 94.735: [GC cleanup 83412K->82388K(256M), 0.0034203 secs]
 [Times: user=0.00 sys=0.00, real=0.00 secs] 
2023-12-21T17:10:56.988+0300: 94.738: [GC concurrent-cleanup-start]
2023-12-21T17:10:56.988+0300: 94.738: [GC concurrent-cleanup-end, 0.0000107 secs]
2023-12-21T17:10:57.159+0300: 94.910: [GC pause (G1 Evacuation Pause) (young)
Desired survivor size 10485760 bytes, new threshold 15 (max 15)
- age   1:     646696 bytes,     646696 total
- age   2:    1687560 bytes,    2334256 total
- age   3:     443344 bytes,    2777600 total
- age   4:    2876536 bytes,    5654136 total
- age   5:    2379744 bytes,    8033880 total
- age   6:       2672 bytes,    8036552 total
, 0.0114223 secs]
   [Parallel Time: 5.6 ms, GC Workers: 6]
      [GC Worker Start (ms): Min: 94909.7, Avg: 94909.9, Max: 94910.2, Diff: 0.5]
      [Ext Root Scanning (ms): Min: 0.3, Avg: 1.3, Max: 5.1, Diff: 4.8, Sum: 8.1]
      [Update RS (ms): Min: 0.0, Avg: 1.0, Max: 1.3, Diff: 1.3, Sum: 5.9]
         [Processed Buffers: Min: 0, Avg: 5.5, Max: 10, Diff: 10, Sum: 33]
      [Scan RS (ms): Min: 0.0, Avg: 0.0, Max: 0.0, Diff: 0.0, Sum: 0.1]
      [Code Root Scanning (ms): Min: 0.0, Avg: 0.0, Max: 0.1, Diff: 0.1, Sum: 0.1]
      [Object Copy (ms): Min: 0.0, Avg: 2.0, Max: 2.5, Diff: 2.5, Sum: 12.1]
      [Termination (ms): Min: 0.0, Avg: 0.6, Max: 0.8, Diff: 0.8, Sum: 3.8]
         [Termination Attempts: Min: 1, Avg: 4.2, Max: 10, Diff: 9, Sum: 25]
      [GC Worker Other (ms): Min: 0.0, Avg: 0.0, Max: 0.0, Diff: 0.0, Sum: 0.0]
      [GC Worker Total (ms): Min: 4.8, Avg: 5.0, Max: 5.3, Diff: 0.5, Sum: 30.0]
      [GC Worker End (ms): Min: 94914.9, Avg: 94915.0, Max: 94915.0, Diff: 0.1]
   [Code Root Fixup: 0.0 ms]
   [Code Root Purge: 0.0 ms]
   [String Dedup Fixup: 1.6 ms, GC Workers: 6]
      [Queue Fixup (ms): Min: 0.0, Avg: 0.0, Max: 0.0, Diff: 0.0, Sum: 0.0]
      [Table Fixup (ms): Min: 0.0, Avg: 0.5, Max: 0.9, Diff: 0.9, Sum: 3.2]
   [Clear CT: 1.2 ms]
   [Other: 3.1 ms]
      [Choose CSet: 0.0 ms]
      [Ref Proc: 2.2 ms]
      [Ref Enq: 0.0 ms]
      [Redirty Cards: 0.8 ms]
      [Humongous Register: 0.0 ms]
      [Humongous Reclaim: 0.0 ms]
      [Free CSet: 0.1 ms]
   [Eden: 142.0M(142.0M)->0.0B(1024.0K) Survivors: 11264.0K->11264.0K Heap: 203.5M(256.0M)->63444.5K(256.0M)]
 [Times: user=0.03 sys=0.00, real=0.02 secs] 
2023-12-21T17:10:57.171+0300: 94.922: [GC concurrent-string-deduplication, 397.2K->301.8K(97616.0B), avg 36.6%, 0.0012203 secs]
2023-12-21T17:10:57.173+0300: 94.924: [GC pause (G1 Evacuation Pause) (mixed)
Desired survivor size 1048576 bytes, new threshold 2 (max 15)
- age   1:     997832 bytes,     997832 total
- age   2:     440912 bytes,    1438744 total
- age   3:    1686384 bytes,    3125128 total
- age   4:     400856 bytes,    3525984 total
- age   5:    2489952 bytes,    6015936 total
- age   6:    2240392 bytes,    8256328 total
- age   7:       2240 bytes,    8258568 total
, 0.0152506 secs]
   [Parallel Time: 7.7 ms, GC Workers: 6]
      [GC Worker Start (ms): Min: 94924.3, Avg: 94926.5, Max: 94930.7, Diff: 6.4]
      [Ext Root Scanning (ms): Min: 0.0, Avg: 0.5, Max: 1.4, Diff: 1.4, Sum: 3.0]
      [Update RS (ms): Min: 0.0, Avg: 0.9, Max: 1.6, Diff: 1.6, Sum: 5.3]
         [Processed Buffers: Min: 0, Avg: 4.8, Max: 10, Diff: 10, Sum: 29]
      [Scan RS (ms): Min: 0.0, Avg: 0.0, Max: 0.1, Diff: 0.1, Sum: 0.1]
      [Code Root Scanning (ms): Min: 0.0, Avg: 0.0, Max: 0.1, Diff: 0.1, Sum: 0.1]
      [Object Copy (ms): Min: 0.0, Avg: 2.3, Max: 3.6, Diff: 3.6, Sum: 13.8]
      [Termination (ms): Min: 0.0, Avg: 0.5, Max: 0.7, Diff: 0.7, Sum: 3.0]
         [Termination Attempts: Min: 1, Avg: 1.3, Max: 2, Diff: 1, Sum: 8]
      [GC Worker Other (ms): Min: 0.0, Avg: 0.0, Max: 0.0, Diff: 0.0, Sum: 0.0]
      [GC Worker Total (ms): Min: 0.0, Avg: 4.2, Max: 6.5, Diff: 6.4, Sum: 25.4]
      [GC Worker End (ms): Min: 94930.7, Avg: 94930.7, Max: 94930.8, Diff: 0.1]
   [Code Root Fixup: 0.0 ms]
   [Code Root Purge: 0.0 ms]
   [String Dedup Fixup: 1.1 ms, GC Workers: 6]
      [Queue Fixup (ms): Min: 0.0, Avg: 0.0, Max: 0.0, Diff: 0.0, Sum: 0.0]
      [Table Fixup (ms): Min: 0.0, Avg: 0.4, Max: 0.7, Diff: 0.7, Sum: 2.7]
   [Clear CT: 0.8 ms]
   [Other: 5.6 ms]
      [Choose CSet: 0.0 ms]
      [Ref Proc: 4.5 ms]
      [Ref Enq: 0.0 ms]
      [Redirty Cards: 0.9 ms]
      [Humongous Register: 0.0 ms]
      [Humongous Reclaim: 0.0 ms]
      [Free CSet: 0.0 ms]
   [Eden: 1024.0K(1024.0K)->0.0B(151.0M) Survivors: 11264.0K->2048.0K Heap: 64468.5K(256.0M)->58295.0K(256.0M)]
 [Times: user=0.04 sys=0.01, real=0.02 secs] 
2023-12-21T17:10:57.189+0300: 94.940: [GC concurrent-string-deduplication, 55504.0B->45456.0B(10048.0B), avg 36.6%, 0.0002568 secs]
2023-12-21T17:10:57.406+0300: 95.157: [GC pause (G1 Evacuation Pause) (young)
Desired survivor size 10485760 bytes, new threshold 15 (max 15)
- age   1:       4256 bytes,       4256 total
- age   2:     637928 bytes,     642184 total
, 0.0124864 secs]
   [Parallel Time: 4.8 ms, GC Workers: 6]
      [GC Worker Start (ms): Min: 95157.5, Avg: 95157.7, Max: 95157.9, Diff: 0.4]
      [Ext Root Scanning (ms): Min: 0.3, Avg: 0.8, Max: 2.4, Diff: 2.1, Sum: 4.6]
      [Update RS (ms): Min: 0.5, Avg: 2.1, Max: 3.3, Diff: 2.9, Sum: 12.5]
         [Processed Buffers: Min: 3, Avg: 7.2, Max: 10, Diff: 7, Sum: 43]
      [Scan RS (ms): Min: 0.0, Avg: 0.0, Max: 0.1, Diff: 0.1, Sum: 0.2]
      [Code Root Scanning (ms): Min: 0.0, Avg: 0.0, Max: 0.1, Diff: 0.1, Sum: 0.1]
      [Object Copy (ms): Min: 0.0, Avg: 0.4, Max: 0.5, Diff: 0.5, Sum: 2.2]
      [Termination (ms): Min: 0.0, Avg: 0.7, Max: 0.9, Diff: 0.9, Sum: 3.9]
         [Termination Attempts: Min: 1, Avg: 3.7, Max: 8, Diff: 7, Sum: 22]
      [GC Worker Other (ms): Min: 0.0, Avg: 0.0, Max: 0.0, Diff: 0.0, Sum: 0.0]
      [GC Worker Total (ms): Min: 3.7, Avg: 3.9, Max: 4.1, Diff: 0.4, Sum: 23.6]
      [GC Worker End (ms): Min: 95161.6, Avg: 95161.6, Max: 95161.8, Diff: 0.2]
   [Code Root Fixup: 0.0 ms]
   [Code Root Purge: 0.0 ms]
   [String Dedup Fixup: 1.6 ms, GC Workers: 6]
      [Queue Fixup (ms): Min: 0.0, Avg: 0.0, Max: 0.0, Diff: 0.0, Sum: 0.0]
      [Table Fixup (ms): Min: 0.3, Avg: 0.5, Max: 0.7, Diff: 0.4, Sum: 2.8]
   [Clear CT: 0.9 ms]
   [Other: 5.2 ms]
      [Choose CSet: 0.0 ms]
      [Ref Proc: 4.1 ms]
      [Ref Enq: 0.0 ms]
      [Redirty Cards: 1.0 ms]
      [Humongous Register: 0.0 ms]
      [Humongous Reclaim: 0.0 ms]
      [Free CSet: 0.0 ms]
   [Eden: 151.0M(151.0M)->0.0B(149.0M) Survivors: 2048.0K->4096.0K Heap: 207.9M(256.0M)->60130.0K(256.0M)]
 [Times: user=0.03 sys=0.00, real=0.01 secs] 
2023-12-21T17:10:57.420+0300: 95.170: [GC concurrent-string-deduplication, 216.0K->188.9K(27744.0B), avg 36.1%, 0.0004224 secs]
2023-12-21T17:12:41.287+0300: 199.038: [GC pause (G1 Evacuation Pause) (young)
Desired survivor size 10485760 bytes, new threshold 15 (max 15)
- age   1:     916344 bytes,     916344 total
- age   2:       1632 bytes,     917976 total
- age   3:     623080 bytes,    1541056 total
, 0.0168499 secs]
   [Parallel Time: 11.2 ms, GC Workers: 6]
      [GC Worker Start (ms): Min: 199040.6, Avg: 199041.4, Max: 199042.8, Diff: 2.2]
      [Ext Root Scanning (ms): Min: 0.0, Avg: 0.7, Max: 2.0, Diff: 2.0, Sum: 4.0]
      [Update RS (ms): Min: 0.0, Avg: 0.5, Max: 1.2, Diff: 1.2, Sum: 3.2]
         [Processed Buffers: Min: 0, Avg: 13.3, Max: 37, Diff: 37, Sum: 80]
      [Scan RS (ms): Min: 0.0, Avg: 0.0, Max: 0.0, Diff: 0.0, Sum: 0.1]
      [Code Root Scanning (ms): Min: 0.0, Avg: 2.2, Max: 6.4, Diff: 6.4, Sum: 13.2]
      [Object Copy (ms): Min: 0.0, Avg: 1.3, Max: 2.0, Diff: 2.0, Sum: 7.6]
      [Termination (ms): Min: 0.0, Avg: 3.0, Max: 4.6, Diff: 4.6, Sum: 18.2]
         [Termination Attempts: Min: 1, Avg: 1.0, Max: 1, Diff: 0, Sum: 6]
      [GC Worker Other (ms): Min: 0.0, Avg: 0.0, Max: 0.0, Diff: 0.0, Sum: 0.0]
      [GC Worker Total (ms): Min: 6.3, Avg: 7.7, Max: 8.5, Diff: 2.2, Sum: 46.4]
      [GC Worker End (ms): Min: 199049.1, Avg: 199049.1, Max: 199049.2, Diff: 0.1]
   [Code Root Fixup: 0.0 ms]
   [Code Root Purge: 0.0 ms]
   [String Dedup Fixup: 1.2 ms, GC Workers: 6]
      [Queue Fixup (ms): Min: 0.0, Avg: 0.0, Max: 0.0, Diff: 0.0, Sum: 0.0]
      [Table Fixup (ms): Min: 0.4, Avg: 0.6, Max: 0.8, Diff: 0.4, Sum: 3.6]
   [Clear CT: 0.7 ms]
   [Other: 3.8 ms]
      [Choose CSet: 0.0 ms]
      [Ref Proc: 2.9 ms]
      [Ref Enq: 0.0 ms]
      [Redirty Cards: 0.7 ms]
      [Humongous Register: 0.0 ms]
      [Humongous Reclaim: 0.0 ms]
      [Free CSet: 0.1 ms]
   [Eden: 149.0M(149.0M)->0.0B(145.0M) Survivors: 4096.0K->8192.0K Heap: 213.8M(256.0M)->63631.2K(256.0M)]
 [Times: user=0.04 sys=0.00, real=0.02 secs] 
2023-12-21T17:12:41.305+0300: 199.056: [GC concurrent-string-deduplication, 248.0B->248.0B(0.0B), avg 36.1%, 0.0000030 secs]
2023-12-21T17:12:41.992+0300: 199.743: [GC pause (G1 Evacuation Pause) (young)
Desired survivor size 10485760 bytes, new threshold 15 (max 15)
- age   1:    3247160 bytes,    3247160 total
- age   2:     382128 bytes,    3629288 total
- age   3:       1592 bytes,    3630880 total
- age   4:     550656 bytes,    4181536 total
, 0.0139199 secs]
   [Parallel Time: 7.1 ms, GC Workers: 6]
      [GC Worker Start (ms): Min: 199743.0, Avg: 199743.2, Max: 199743.6, Diff: 0.6]
      [Ext Root Scanning (ms): Min: 0.3, Avg: 0.8, Max: 2.2, Diff: 1.9, Sum: 5.0]
      [Update RS (ms): Min: 0.0, Avg: 0.6, Max: 0.8, Diff: 0.8, Sum: 3.3]
         [Processed Buffers: Min: 0, Avg: 3.7, Max: 9, Diff: 9, Sum: 22]
      [Scan RS (ms): Min: 0.0, Avg: 0.0, Max: 0.0, Diff: 0.0, Sum: 0.1]
      [Code Root Scanning (ms): Min: 0.0, Avg: 0.1, Max: 0.3, Diff: 0.3, Sum: 0.5]
      [Object Copy (ms): Min: 4.7, Avg: 5.1, Max: 5.4, Diff: 0.7, Sum: 30.9]
      [Termination (ms): Min: 0.0, Avg: 0.0, Max: 0.0, Diff: 0.0, Sum: 0.0]
         [Termination Attempts: Min: 1, Avg: 1.3, Max: 3, Diff: 2, Sum: 8]
      [GC Worker Other (ms): Min: 0.0, Avg: 0.0, Max: 0.0, Diff: 0.0, Sum: 0.1]
      [GC Worker Total (ms): Min: 6.3, Avg: 6.6, Max: 6.9, Diff: 0.6, Sum: 39.9]
      [GC Worker End (ms): Min: 199749.9, Avg: 199749.9, Max: 199749.9, Diff: 0.0]
   [Code Root Fixup: 0.1 ms]
   [Code Root Purge: 0.0 ms]
   [String Dedup Fixup: 0.9 ms, GC Workers: 6]
      [Queue Fixup (ms): Min: 0.0, Avg: 0.0, Max: 0.0, Diff: 0.0, Sum: 0.0]
      [Table Fixup (ms): Min: 0.3, Avg: 0.6, Max: 0.8, Diff: 0.5, Sum: 3.3]
   [Clear CT: 1.5 ms]
   [Other: 4.4 ms]
      [Choose CSet: 0.0 ms]
      [Ref Proc: 3.4 ms]
      [Ref Enq: 0.0 ms]
      [Redirty Cards: 0.8 ms]
      [Humongous Register: 0.0 ms]
      [Humongous Reclaim: 0.0 ms]
      [Free CSet: 0.1 ms]
   [Eden: 145.0M(145.0M)->0.0B(137.0M) Survivors: 8192.0K->16384.0K Heap: 207.1M(256.0M)->72631.0K(256.0M)]
 [Times: user=0.05 sys=0.00, real=0.01 secs] 
2023-12-21T17:12:42.006+0300: 199.757: [GC concurrent-string-deduplication, 77984.0B->55360.0B(22624.0B), avg 36.1%, 0.0002319 secs]
2023-12-21T17:13:04.039+0300: 221.790: [GC pause (G1 Evacuation Pause) (young)
Desired survivor size 10485760 bytes, new threshold 1 (max 15)
- age   1:   10764376 bytes,   10764376 total
- age   2:    3043112 bytes,   13807488 total
- age   3:     382088 bytes,   14189576 total
- age   4:       1592 bytes,   14191168 total
- age   5:     550536 bytes,   14741704 total
, 0.0160269 secs]
   [Parallel Time: 7.1 ms, GC Workers: 6]
      [GC Worker Start (ms): Min: 221790.0, Avg: 221790.3, Max: 221790.5, Diff: 0.5]
      [Ext Root Scanning (ms): Min: 0.3, Avg: 0.8, Max: 2.0, Diff: 1.7, Sum: 4.6]
      [Update RS (ms): Min: 0.0, Avg: 0.9, Max: 1.1, Diff: 1.1, Sum: 5.3]
         [Processed Buffers: Min: 0, Avg: 13.5, Max: 21, Diff: 21, Sum: 81]
      [Scan RS (ms): Min: 0.0, Avg: 0.0, Max: 0.0, Diff: 0.0, Sum: 0.1]
      [Code Root Scanning (ms): Min: 0.1, Avg: 0.2, Max: 0.3, Diff: 0.2, Sum: 0.9]
      [Object Copy (ms): Min: 4.1, Avg: 4.4, Max: 4.6, Diff: 0.4, Sum: 26.4]
      [Termination (ms): Min: 0.0, Avg: 0.0, Max: 0.0, Diff: 0.0, Sum: 0.0]
         [Termination Attempts: Min: 1, Avg: 1.7, Max: 4, Diff: 3, Sum: 10]
      [GC Worker Other (ms): Min: 0.0, Avg: 0.0, Max: 0.0, Diff: 0.0, Sum: 0.1]
      [GC Worker Total (ms): Min: 6.0, Avg: 6.2, Max: 6.5, Diff: 0.5, Sum: 37.3]
      [GC Worker End (ms): Min: 221796.5, Avg: 221796.5, Max: 221796.5, Diff: 0.0]
   [Code Root Fixup: 0.2 ms]
   [Code Root Purge: 0.0 ms]
   [String Dedup Fixup: 5.5 ms, GC Workers: 6]
      [Queue Fixup (ms): Min: 0.0, Avg: 0.0, Max: 0.0, Diff: 0.0, Sum: 0.1]
      [Table Fixup (ms): Min: 0.4, Avg: 0.6, Max: 1.1, Diff: 0.7, Sum: 3.8]
   [Clear CT: 0.6 ms]
   [Other: 2.6 ms]
      [Choose CSet: 0.0 ms]
      [Ref Proc: 1.8 ms]
      [Ref Enq: 0.0 ms]
      [Redirty Cards: 0.7 ms]
      [Humongous Register: 0.0 ms]
      [Humongous Reclaim: 0.0 ms]
      [Free CSet: 0.1 ms]
   [Eden: 137.0M(137.0M)->0.0B(145.0M) Survivors: 16384.0K->8192.0K Heap: 214.0M(256.0M)->72739.0K(256.0M)]
 [Times: user=0.05 sys=0.00, real=0.02 secs] 
2023-12-21T17:13:04.058+0300: 221.809: [GC concurrent-string-deduplication, 607.6K->178.4K(429.2K), avg 37.7%, 0.0020437 secs]
2023-12-21T17:13:04.604+0300: 222.355: [GC pause (G1 Evacuation Pause) (young)
Desired survivor size 10485760 bytes, new threshold 15 (max 15)
- age   1:    6271704 bytes,    6271704 total
, 0.0828867 secs]
   [Parallel Time: 68.1 ms, GC Workers: 6]
      [GC Worker Start (ms): Min: 222355.3, Avg: 222356.3, Max: 222358.3, Diff: 3.0]
      [Ext Root Scanning (ms): Min: 0.0, Avg: 0.7, Max: 1.6, Diff: 1.6, Sum: 4.0]
      [Update RS (ms): Min: 0.6, Avg: 1.8, Max: 2.7, Diff: 2.1, Sum: 10.7]
         [Processed Buffers: Min: 6, Avg: 13.5, Max: 28, Diff: 22, Sum: 81]
      [Scan RS (ms): Min: 0.0, Avg: 0.1, Max: 0.2, Diff: 0.2, Sum: 0.6]
      [Code Root Scanning (ms): Min: 0.0, Avg: 21.2, Max: 63.6, Diff: 63.6, Sum: 127.1]
      [Object Copy (ms): Min: 0.0, Avg: 0.6, Max: 0.9, Diff: 0.9, Sum: 3.6]
      [Termination (ms): Min: 0.0, Avg: 41.9, Max: 62.8, Diff: 62.8, Sum: 251.3]
         [Termination Attempts: Min: 1, Avg: 1.0, Max: 1, Diff: 0, Sum: 6]
      [GC Worker Other (ms): Min: 0.0, Avg: 0.0, Max: 0.0, Diff: 0.0, Sum: 0.0]
      [GC Worker Total (ms): Min: 64.3, Avg: 66.2, Max: 67.2, Diff: 2.9, Sum: 397.3]
      [GC Worker End (ms): Min: 222422.5, Avg: 222422.6, Max: 222422.7, Diff: 0.2]
   [Code Root Fixup: 0.0 ms]
   [Code Root Purge: 0.0 ms]
   [String Dedup Fixup: 1.6 ms, GC Workers: 6]
      [Queue Fixup (ms): Min: 0.0, Avg: 0.0, Max: 0.0, Diff: 0.0, Sum: 0.0]
      [Table Fixup (ms): Min: 0.0, Avg: 0.5, Max: 0.8, Diff: 0.8, Sum: 2.9]
   [Clear CT: 0.8 ms]
   [Other: 12.3 ms]
      [Choose CSet: 0.0 ms]
      [Ref Proc: 11.5 ms]
      [Ref Enq: 0.0 ms]
      [Redirty Cards: 0.7 ms]
      [Humongous Register: 0.0 ms]
      [Humongous Reclaim: 0.0 ms]
      [Free CSet: 0.0 ms]
   [Eden: 145.0M(145.0M)->0.0B(145.0M) Survivors: 8192.0K->8192.0K Heap: 218.1M(256.0M)->72761.1K(256.0M)]
 [Times: user=0.26 sys=0.05, real=0.08 secs] 
2023-12-21T17:13:05.402+0300: 223.153: [GC pause (G1 Evacuation Pause) (young)
Desired survivor size 10485760 bytes, new threshold 15 (max 15)
- age   1:    1230088 bytes,    1230088 total
- age   2:     771272 bytes,    2001360 total
, 0.0135954 secs]
   [Parallel Time: 8.6 ms, GC Workers: 6]
      [GC Worker Start (ms): Min: 223153.3, Avg: 223154.9, Max: 223156.5, Diff: 3.2]
      [Ext Root Scanning (ms): Min: 0.0, Avg: 0.7, Max: 2.0, Diff: 2.0, Sum: 4.3]
      [Update RS (ms): Min: 0.0, Avg: 0.5, Max: 1.2, Diff: 1.2, Sum: 3.0]
         [Processed Buffers: Min: 0, Avg: 12.3, Max: 34, Diff: 34, Sum: 74]
      [Scan RS (ms): Min: 0.0, Avg: 0.0, Max: 0.0, Diff: 0.0, Sum: 0.1]
      [Code Root Scanning (ms): Min: 0.0, Avg: 0.9, Max: 4.8, Diff: 4.8, Sum: 5.2]
      [Object Copy (ms): Min: 0.0, Avg: 1.7, Max: 2.4, Diff: 2.4, Sum: 10.2]
      [Termination (ms): Min: 0.0, Avg: 2.2, Max: 2.8, Diff: 2.8, Sum: 13.0]
         [Termination Attempts: Min: 1, Avg: 3.8, Max: 7, Diff: 6, Sum: 23]
      [GC Worker Other (ms): Min: 0.0, Avg: 0.0, Max: 0.0, Diff: 0.0, Sum: 0.0]
      [GC Worker Total (ms): Min: 4.4, Avg: 6.0, Max: 7.7, Diff: 3.3, Sum: 35.9]
      [GC Worker End (ms): Min: 223160.8, Avg: 223160.9, Max: 223161.1, Diff: 0.3]
   [Code Root Fixup: 0.0 ms]
   [Code Root Purge: 0.0 ms]
   [String Dedup Fixup: 1.0 ms, GC Workers: 6]
      [Queue Fixup (ms): Min: 0.0, Avg: 0.0, Max: 0.0, Diff: 0.0, Sum: 0.0]
      [Table Fixup (ms): Min: 0.3, Avg: 0.6, Max: 0.8, Diff: 0.6, Sum: 3.3]
   [Clear CT: 1.2 ms]
   [Other: 2.8 ms]
      [Choose CSet: 0.0 ms]
      [Ref Proc: 1.8 ms]
      [Ref Enq: 0.0 ms]
      [Redirty Cards: 0.8 ms]
      [Humongous Register: 0.0 ms]
      [Humongous Reclaim: 0.0 ms]
      [Free CSet: 0.0 ms]
   [Eden: 145.0M(145.0M)->0.0B(144.0M) Survivors: 8192.0K->9216.0K Heap: 224.2M(256.0M)->73763.0K(256.0M)]
 [Times: user=0.03 sys=0.01, real=0.01 secs] 
2023-12-21T17:13:05.416+0300: 223.167: [GC concurrent-string-deduplication, 84768.0B->52088.0B(32680.0B), avg 37.7%, 0.0002633 secs]
2023-12-21T17:13:05.803+0300: 223.554: [GC pause (G1 Evacuation Pause) (young)
Desired survivor size 10485760 bytes, new threshold 15 (max 15)
- age   1:    5682152 bytes,    5682152 total
- age   2:     414928 bytes,    6097080 total
- age   3:     770768 bytes,    6867848 total
, 0.0141931 secs]
   [Parallel Time: 6.6 ms, GC Workers: 6]
      [GC Worker Start (ms): Min: 223553.6, Avg: 223554.8, Max: 223559.5, Diff: 5.8]
      [Ext Root Scanning (ms): Min: 0.0, Avg: 0.7, Max: 1.5, Diff: 1.5, Sum: 4.0]
      [Update RS (ms): Min: 0.0, Avg: 0.3, Max: 0.6, Diff: 0.6, Sum: 1.8]
         [Processed Buffers: Min: 0, Avg: 2.5, Max: 5, Diff: 5, Sum: 15]
      [Scan RS (ms): Min: 0.0, Avg: 0.0, Max: 0.0, Diff: 0.0, Sum: 0.1]
      [Code Root Scanning (ms): Min: 0.0, Avg: 0.0, Max: 0.1, Diff: 0.1, Sum: 0.2]
      [Object Copy (ms): Min: 0.0, Avg: 2.8, Max: 3.4, Diff: 3.4, Sum: 16.6]
      [Termination (ms): Min: 0.0, Avg: 1.0, Max: 1.3, Diff: 1.3, Sum: 6.0]
         [Termination Attempts: Min: 1, Avg: 3.2, Max: 5, Diff: 4, Sum: 19]
      [GC Worker Other (ms): Min: 0.0, Avg: 0.0, Max: 0.0, Diff: 0.0, Sum: 0.0]
      [GC Worker Total (ms): Min: 0.0, Avg: 4.8, Max: 5.9, Diff: 5.9, Sum: 28.7]
      [GC Worker End (ms): Min: 223559.5, Avg: 223559.6, Max: 223559.6, Diff: 0.1]
   [Code Root Fixup: 0.0 ms]
   [Code Root Purge: 0.0 ms]
   [String Dedup Fixup: 2.1 ms, GC Workers: 6]
      [Queue Fixup (ms): Min: 0.0, Avg: 0.0, Max: 0.0, Diff: 0.0, Sum: 0.0]
      [Table Fixup (ms): Min: 0.0, Avg: 0.5, Max: 1.4, Diff: 1.4, Sum: 2.8]
   [Clear CT: 0.9 ms]
   [Other: 4.5 ms]
      [Choose CSet: 0.0 ms]
      [Ref Proc: 3.8 ms]
      [Ref Enq: 0.0 ms]
      [Redirty Cards: 0.6 ms]
      [Humongous Register: 0.0 ms]
      [Humongous Reclaim: 0.0 ms]
      [Free CSet: 0.0 ms]
   [Eden: 144.0M(144.0M)->0.0B(142.0M) Survivors: 9216.0K->11264.0K Heap: 216.0M(256.0M)->75811.0K(256.0M)]
 [Times: user=0.04 sys=0.01, real=0.01 secs] 
